Archive member included to satisfy reference by file (symbol)

c:/program files (x86)/gnu arm embedded toolchain/10 2020-q4-major/bin/../lib/gcc/arm-none-eabi/10.2.1/../../../../arm-none-eabi/lib/thumb/v7e-m+fp/hard\libc.a(lib_a-assert.o)
                              Build/KALMAN.o (__assert_func)
c:/program files (x86)/gnu arm embedded toolchain/10 2020-q4-major/bin/../lib/gcc/arm-none-eabi/10.2.1/../../../../arm-none-eabi/lib/thumb/v7e-m+fp/hard\libc.a(lib_a-exit.o)
                              c:/program files (x86)/gnu arm embedded toolchain/10 2020-q4-major/bin/../lib/gcc/arm-none-eabi/10.2.1/../../../../arm-none-eabi/lib/thumb/v7e-m+fp/hard/crt0.o (exit)
c:/program files (x86)/gnu arm embedded toolchain/10 2020-q4-major/bin/../lib/gcc/arm-none-eabi/10.2.1/../../../../arm-none-eabi/lib/thumb/v7e-m+fp/hard\libc.a(lib_a-fiprintf.o)
                              c:/program files (x86)/gnu arm embedded toolchain/10 2020-q4-major/bin/../lib/gcc/arm-none-eabi/10.2.1/../../../../arm-none-eabi/lib/thumb/v7e-m+fp/hard\libc.a(lib_a-assert.o) (fiprintf)
c:/program files (x86)/gnu arm embedded toolchain/10 2020-q4-major/bin/../lib/gcc/arm-none-eabi/10.2.1/../../../../arm-none-eabi/lib/thumb/v7e-m+fp/hard\libc.a(lib_a-impure.o)
                              c:/program files (x86)/gnu arm embedded toolchain/10 2020-q4-major/bin/../lib/gcc/arm-none-eabi/10.2.1/../../../../arm-none-eabi/lib/thumb/v7e-m+fp/hard\libc.a(lib_a-exit.o) (_global_impure_ptr)
c:/program files (x86)/gnu arm embedded toolchain/10 2020-q4-major/bin/../lib/gcc/arm-none-eabi/10.2.1/../../../../arm-none-eabi/lib/thumb/v7e-m+fp/hard\libc.a(lib_a-init.o)
                              c:/program files (x86)/gnu arm embedded toolchain/10 2020-q4-major/bin/../lib/gcc/arm-none-eabi/10.2.1/../../../../arm-none-eabi/lib/thumb/v7e-m+fp/hard/crt0.o (__libc_init_array)
c:/program files (x86)/gnu arm embedded toolchain/10 2020-q4-major/bin/../lib/gcc/arm-none-eabi/10.2.1/../../../../arm-none-eabi/lib/thumb/v7e-m+fp/hard\libc.a(lib_a-malloc.o)
                              Build/KALMAN.o (malloc)
c:/program files (x86)/gnu arm embedded toolchain/10 2020-q4-major/bin/../lib/gcc/arm-none-eabi/10.2.1/../../../../arm-none-eabi/lib/thumb/v7e-m+fp/hard\libc.a(lib_a-mallocr.o)
                              c:/program files (x86)/gnu arm embedded toolchain/10 2020-q4-major/bin/../lib/gcc/arm-none-eabi/10.2.1/../../../../arm-none-eabi/lib/thumb/v7e-m+fp/hard\libc.a(lib_a-malloc.o) (_malloc_r)
c:/program files (x86)/gnu arm embedded toolchain/10 2020-q4-major/bin/../lib/gcc/arm-none-eabi/10.2.1/../../../../arm-none-eabi/lib/thumb/v7e-m+fp/hard\libc.a(lib_a-memcpy.o)
                              Build/KALMAN.o (memcpy)
c:/program files (x86)/gnu arm embedded toolchain/10 2020-q4-major/bin/../lib/gcc/arm-none-eabi/10.2.1/../../../../arm-none-eabi/lib/thumb/v7e-m+fp/hard\libc.a(lib_a-memset.o)
                              c:/program files (x86)/gnu arm embedded toolchain/10 2020-q4-major/bin/../lib/gcc/arm-none-eabi/10.2.1/../../../../arm-none-eabi/lib/thumb/v7e-m+fp/hard/crt0.o (memset)
c:/program files (x86)/gnu arm embedded toolchain/10 2020-q4-major/bin/../lib/gcc/arm-none-eabi/10.2.1/../../../../arm-none-eabi/lib/thumb/v7e-m+fp/hard\libc.a(lib_a-mlock.o)
                              c:/program files (x86)/gnu arm embedded toolchain/10 2020-q4-major/bin/../lib/gcc/arm-none-eabi/10.2.1/../../../../arm-none-eabi/lib/thumb/v7e-m+fp/hard\libc.a(lib_a-mallocr.o) (__malloc_lock)
c:/program files (x86)/gnu arm embedded toolchain/10 2020-q4-major/bin/../lib/gcc/arm-none-eabi/10.2.1/../../../../arm-none-eabi/lib/thumb/v7e-m+fp/hard\libc.a(lib_a-sbrkr.o)
                              c:/program files (x86)/gnu arm embedded toolchain/10 2020-q4-major/bin/../lib/gcc/arm-none-eabi/10.2.1/../../../../arm-none-eabi/lib/thumb/v7e-m+fp/hard\libc.a(lib_a-mallocr.o) (_sbrk_r)
c:/program files (x86)/gnu arm embedded toolchain/10 2020-q4-major/bin/../lib/gcc/arm-none-eabi/10.2.1/../../../../arm-none-eabi/lib/thumb/v7e-m+fp/hard\libc.a(lib_a-vfiprintf.o)
                              c:/program files (x86)/gnu arm embedded toolchain/10 2020-q4-major/bin/../lib/gcc/arm-none-eabi/10.2.1/../../../../arm-none-eabi/lib/thumb/v7e-m+fp/hard\libc.a(lib_a-fiprintf.o) (_vfiprintf_r)
c:/program files (x86)/gnu arm embedded toolchain/10 2020-q4-major/bin/../lib/gcc/arm-none-eabi/10.2.1/../../../../arm-none-eabi/lib/thumb/v7e-m+fp/hard\libc.a(lib_a-wsetup.o)
                              c:/program files (x86)/gnu arm embedded toolchain/10 2020-q4-major/bin/../lib/gcc/arm-none-eabi/10.2.1/../../../../arm-none-eabi/lib/thumb/v7e-m+fp/hard\libc.a(lib_a-vfiprintf.o) (__swsetup_r)
c:/program files (x86)/gnu arm embedded toolchain/10 2020-q4-major/bin/../lib/gcc/arm-none-eabi/10.2.1/../../../../arm-none-eabi/lib/thumb/v7e-m+fp/hard\libc.a(lib_a-__call_atexit.o)
[...]
Memory Configuration

Name             Origin             Length             Attributes
RAM              0x20000000         0x00020000         xrw
CCMRAM           0x10000000         0x00010000         xrw
FLASH            0x08000000         0x00100000         xr
*default*        0x00000000         0xffffffff

Linker script and memory map

LOAD c:/program files (x86)/gnu arm embedded toolchain/10 2020-q4-major/bin/../lib/gcc/arm-none-eabi/10.2.1/thumb/v7e-m+fp/hard/crti.o
LOAD c:/program files (x86)/gnu arm embedded toolchain/10 2020-q4-major/bin/../lib/gcc/arm-none-eabi/10.2.1/thumb/v7e-m+fp/hard/crtbegin.o
LOAD c:/program files (x86)/gnu arm embedded toolchain/10 2020-q4-major/bin/../lib/gcc/arm-none-eabi/10.2.1/../../../../arm-none-eabi/lib/thumb/v7e-m+fp/hard/crt0.o
LOAD Build/main.o
LOAD Build/SPL06.o
LOAD Build/MPU9250.o
LOAD Build/NRF24L01.o
LOAD Build/COMPLEMENTARY.o
LOAD Build/PID.o
LOAD Build/adc.o
LOAD Build/gpio.o
LOAD Build/i2c.o
LOAD Build/spi.o
LOAD Build/tim.o
LOAD Build/stm32f4xx_it.o
LOAD Build/stm32f4xx_hal_msp.o
LOAD Build/system_stm32f4xx.o
LOAD Build/usb_device.o
LOAD Build/usbd_desc.o
LOAD Build/usbd_cdc_if.o
LOAD Build/usbd_conf.o
LOAD Build/stm32f4xx_hal_pcd.o
LOAD Build/stm32f4xx_hal_pcd_ex.o
LOAD Build/stm32f4xx_ll_usb.o
LOAD Build/stm32f4xx_hal_rcc.o
LOAD Build/stm32f4xx_hal_rcc_ex.o
LOAD Build/stm32f4xx_hal_flash.o
LOAD Build/stm32f4xx_hal_flash_ex.o
LOAD Build/stm32f4xx_hal_flash_ramfunc.o
LOAD Build/stm32f4xx_hal_gpio.o
LOAD Build/stm32f4xx_hal_pwr.o
LOAD Build/stm32f4xx_hal_pwr_ex.o
LOAD Build/stm32f4xx_hal_cortex.o
LOAD Build/stm32f4xx_hal.o
LOAD Build/stm32f4xx_hal_exti.o
LOAD Build/stm32f4xx_hal_i2c.o
LOAD Build/stm32f4xx_hal_i2c_ex.o
LOAD Build/stm32f4xx_hal_spi.o
LOAD Build/stm32f4xx_hal_tim.o
LOAD Build/stm32f4xx_hal_tim_ex.o
LOAD Build/usbd_core.o
LOAD Build/usbd_ctlreq.o
LOAD Build/usbd_ioreq.o
LOAD Build/usbd_cdc.o
LOAD Build/stm32f4xx_hal_adc.o
LOAD Build/stm32f4xx_hal_adc_ex.o
LOAD Build/stm32f4xx_ll_adc.o
LOAD Build/KALMAN.o
LOAD Build/startup_stm32f405xx.o
LOAD c:/program files (x86)/gnu arm embedded toolchain/10 2020-q4-major/bin/../lib/gcc/arm-none-eabi/10.2.1/../../../../arm-none-eabi/lib/thumb/v7e-m+fp/hard\libc.a
LOAD c:/program files (x86)/gnu arm embedded toolchain/10 2020-q4-major/bin/../lib/gcc/arm-none-eabi/10.2.1/../../../../arm-none-eabi/lib/thumb/v7e-m+fp/hard\libsupc++.a
LOAD c:/program files (x86)/gnu arm embedded toolchain/10 2020-q4-major/bin/../lib/gcc/arm-none-eabi/10.2.1/../../../../arm-none-eabi/lib/thumb/v7e-m+fp/hard\libm.a
LOAD c:/program files (x86)/gnu arm embedded toolchain/10 2020-q4-major/bin/../lib/gcc/arm-none-eabi/10.2.1/../../../../arm-none-eabi/lib/thumb/v7e-m+fp/hard\libnosys.a
START GROUP
LOAD c:/program files (x86)/gnu arm embedded toolchain/10 2020-q4-major/bin/../lib/gcc/arm-none-eabi/10.2.1/thumb/v7e-m+fp/hard\libgcc.a
LOAD c:/program files (x86)/gnu arm embedded toolchain/10 2020-q4-major/bin/../lib/gcc/arm-none-eabi/10.2.1/../../../../arm-none-eabi/lib/thumb/v7e-m+fp/hard\libc.a
END GROUP
START GROUP
LOAD c:/program files (x86)/gnu arm embedded toolchain/10 2020-q4-major/bin/../lib/gcc/arm-none-eabi/10.2.1/thumb/v7e-m+fp/hard\libgcc.a
LOAD c:/program files (x86)/gnu arm embedded toolchain/10 2020-q4-major/bin/../lib/gcc/arm-none-eabi/10.2.1/../../../../arm-none-eabi/lib/thumb/v7e-m+fp/hard\libc.a
LOAD c:/program files (x86)/gnu arm embedded toolchain/10 2020-q4-major/bin/../lib/gcc/arm-none-eabi/10.2.1/../../../../arm-none-eabi/lib/thumb/v7e-m+fp/hard\libnosys.a
END GROUP
LOAD c:/program files (x86)/gnu arm embedded toolchain/10 2020-q4-major/bin/../lib/gcc/arm-none-eabi/10.2.1/thumb/v7e-m+fp/hard/crtend.o
LOAD c:/program files (x86)/gnu arm embedded toolchain/10 2020-q4-major/bin/../lib/gcc/arm-none-eabi/10.2.1/thumb/v7e-m+fp/hard/crtn.o
                0x20020000                _estack = 0x20020000
                0x00000800                _Min_Heap_Size = 0x800
                0x00000800                _Min_Stack_Size = 0x800

.isr_vector     0x08000000      0x188
                0x08000000                . = ALIGN (0x4)
 *(.isr_vector)
 .isr_vector    0x08000000      0x188 Build/startup_stm32f405xx.o
                0x08000000                g_pfnVectors
                0x08000188                . = ALIGN (0x4)

.text           0x08000188     0xa738
                0x08000188                . = ALIGN (0x4)
 *(.text)
 .text          0x08000188       0x40 c:/program files (x86)/gnu arm embedded toolchain/10 2020-q4-major/bin/../lib/gcc/arm-none-eabi/10.2.1/thumb/v7e-m+fp/hard/crtbegin.o
 .text          0x080001c8      0x378 c:/program files (x86)/gnu arm embedded toolchain/10 2020-q4-major/bin/../lib/gcc/arm-none-eabi/10.2.1/thumb/v7e-m+fp/hard\libgcc.a(_arm_addsubdf3.o)
                0x080001c8                __aeabi_drsub
                0x080001d0                __aeabi_dsub
                0x080001d0                __subdf3
                0x080001d4                __aeabi_dadd
                0x080001d4                __adddf3
                0x0800044c                __floatunsidf
                0x0800044c                __aeabi_ui2d
                0x0800046c                __floatsidf
                0x0800046c                __aeabi_i2d
                0x08000490                __aeabi_f2d
                0x08000490                __extendsfdf2
                0x080004d4                __floatundidf
                0x080004d4                __aeabi_ul2d
                0x080004e4                __floatdidf
                0x080004e4                __aeabi_l2d
 .text          0x08000540      0x424 c:/program files (x86)/gnu arm embedded toolchain/10 2020-q4-major/bin/../lib/gcc/arm-none-eabi/10.2.1/thumb/v7e-m+fp/hard\libgcc.a(_arm_muldivdf3.o)
                0x08000540                __aeabi_dmul
                0x08000540                __muldf3
                0x08000794                __divdf3
                0x08000794                __aeabi_ddiv
 .text          0x08000964      0x110 c:/program files (x86)/gnu arm embedded toolchain/10 2020-q4-major/bin/../lib/gcc/arm-none-eabi/10.2.1/thumb/v7e-m+fp/hard\libgcc.a(_arm_cmpdf2.o)
                0x08000964                __gtdf2
                0x08000964                __gedf2
                0x0800096c                __ltdf2
                0x0800096c                __ledf2
                0x08000974                __nedf2
                0x08000974                __eqdf2
                0x08000974                __cmpdf2
                0x080009f0                __aeabi_cdrcmple
                0x08000a00                __aeabi_cdcmpeq
                0x08000a00                __aeabi_cdcmple
                0x08000a10                __aeabi_dcmpeq
                0x08000a24                __aeabi_dcmplt
                0x08000a38                __aeabi_dcmple
                0x08000a4c                __aeabi_dcmpge
                0x08000a60                __aeabi_dcmpgt
 .text          0x08000a74       0x2c c:/program files (x86)/gnu arm embedded toolchain/10 2020-q4-major/bin/../lib/gcc/arm-none-eabi/10.2.1/thumb/v7e-m+fp/hard\libgcc.a(_arm_unorddf2.o)
                0x08000a74                __unorddf2
                0x08000a74                __aeabi_dcmpun
 .text          0x08000aa0       0x50 c:/program files (x86)/gnu arm embedded toolchain/10 2020-q4-major/bin/../lib/gcc/arm-none-eabi/10.2.1/thumb/v7e-m+fp/hard\libgcc.a(_arm_fixdfsi.o)
                0x08000aa0                __aeabi_d2iz
                0x08000aa0                __fixdfsi
 .text          0x08000af0       0xa0 c:/program files (x86)/gnu arm embedded toolchain/10 2020-q4-major/bin/../lib/gcc/arm-none-eabi/10.2.1/thumb/v7e-m+fp/hard\libgcc.a(_arm_truncdfsf2.o)
                0x08000af0                __truncdfsf2
                0x08000af0                __aeabi_d2f
 .text          0x08000b90       0x30 c:/program files (x86)/gnu arm embedded toolchain/10 2020-q4-major/bin/../lib/gcc/arm-none-eabi/10.2.1/thumb/v7e-m+fp/hard\libgcc.a(_aeabi_uldivmod.o)
                0x08000b90                __aeabi_uldivmod
 .text          0x08000bc0      0x2d0 c:/program files (x86)/gnu arm embedded toolchain/10 2020-q4-major/bin/../lib/gcc/arm-none-eabi/10.2.1/thumb/v7e-m+fp/hard\libgcc.a(_udivmoddi4.o)
                0x08000bc0                __udivmoddi4
 .text          0x08000e90        0x4 c:/program files (x86)/gnu arm embedded toolchain/10 2020-q4-major/bin/../lib/gcc/arm-none-eabi/10.2.1/thumb/v7e-m+fp/hard\libgcc.a(_dvmd_tls.o)
                0x08000e90                __aeabi_idiv0
                0x08000e90                __aeabi_ldiv0
 *(.text*)
 .text.Round1   0x08000e94       0x38 Build/main.o
                0x08000e94                Round1
 .text.Round2   0x08000ecc       0x3c Build/main.o
                0x08000ecc                Round2
 .text.mix_motors
                0x08000f08      0x25c Build/main.o
                0x08000f08                mix_motors
 .text.Error_Handler
                0x08001164        0x4 Build/main.o
                0x08001164                Error_Handler
 .text.SystemClock_Config
                0x08001168       0xa8 Build/main.o
                0x08001168                SystemClock_Config
 .text.main     0x08001210      0x238 Build/main.o
                0x08001210                main
 .text.MPU9250_Read_Registers
                0x08001448       0x24 Build/MPU9250.o
                0x08001448                MPU9250_Read_Registers
 .text.MPU9250_Write_Register
                0x0800146c       0x24 Build/MPU9250.o
                0x0800146c                MPU9250_Write_Register
 .text.MPU9250_Initialise
                0x08001490       0xe0 Build/MPU9250.o
                0x08001490                MPU9250_Initialise
 .text.MPU9250_Read_Gyroscope
                0x08001570      0x170 Build/MPU9250.o
                0x08001570                MPU9250_Read_Gyroscope
 .text.MPU9250_Read_Accelerometer
                0x080016e0      0x120 Build/MPU9250.o
                0x080016e0                MPU9250_Read_Accelerometer
 .text.MPU9250_Read_Magnetometer
                0x08001800      0x318 Build/MPU9250.o
                0x08001800                MPU9250_Read_Magnetometer
 .text.MPU9250_Calibrate
                0x08001b18       0xb8 Build/MPU9250.o
                0x08001b18                MPU9250_Calibrate
 .text.NRF24L01_Write_Register
                0x08001bd0       0x48 Build/NRF24L01.o
                0x08001bd0                NRF24L01_Write_Register
 .text.NRF24L01_Read_Payload
                0x08001c18       0x5c Build/NRF24L01.o
                0x08001c18                NRF24L01_Read_Payload
 .text.NRF24L01_Initialise_Rx
                0x08001c74       0x84 Build/NRF24L01.o
                0x08001c74                NRF24L01_Initialise_Rx
 .text.NRF24L01_Receive
                0x08001cf8        0x8 Build/NRF24L01.o
                0x08001cf8                NRF24L01_Receive
 .text.COMPLEMENTARY_Initialise
                0x08001d00        0xa Build/COMPLEMENTARY.o
                0x08001d00                COMPLEMENTARY_Initialise
 .text.COMPLEMENTARY_Fuse
                0x08001d0a       0x16 Build/COMPLEMENTARY.o
                0x08001d0a                COMPLEMENTARY_Fuse
 .text.PID_Initialise
                0x08001d20       0x3c Build/PID.o
                0x08001d20                PID_Initialise
 .text.PID_Control
                0x08001d5c       0xe6 Build/PID.o
                0x08001d5c                PID_Control
 *fill*         0x08001e42        0x2 
 .text.MX_ADC1_Init
                0x08001e44       0x70 Build/adc.o
                0x08001e44                MX_ADC1_Init
 .text.HAL_ADC_MspInit
                0x08001eb4       0x68 Build/adc.o
                0x08001eb4                HAL_ADC_MspInit
 .text.MX_GPIO_Init
                0x08001f1c       0xd8 Build/gpio.o
                0x08001f1c                MX_GPIO_Init
 .text.MX_I2C1_Init
                0x08001ff4       0x3c Build/i2c.o
                0x08001ff4                MX_I2C1_Init
 .text.MX_I2C2_Init
                0x08002030       0x3c Build/i2c.o
                0x08002030                MX_I2C2_Init
 .text.HAL_I2C_MspInit
                0x0800206c      0x160 Build/i2c.o
                0x0800206c                HAL_I2C_MspInit
 .text.MX_SPI1_Init
                0x080021cc       0x44 Build/spi.o
                0x080021cc                MX_SPI1_Init
 .text.HAL_SPI_MspInit
                0x08002210       0x70 Build/spi.o
                0x08002210                HAL_SPI_MspInit
 .text.HAL_TIM_Base_MspInit
                0x08002280       0x74 Build/tim.o
                0x08002280                HAL_TIM_Base_MspInit
 .text.HAL_TIM_MspPostInit
                0x080022f4       0xcc Build/tim.o
                0x080022f4                HAL_TIM_MspPostInit
 .text.MX_TIM2_Init
                0x080023c0       0xbc Build/tim.o
                0x080023c0                MX_TIM2_Init
 .text.MX_TIM4_Init
                0x0800247c       0xb0 Build/tim.o
                0x0800247c                MX_TIM4_Init
 .text.MX_TIM12_Init
                0x0800252c       0x94 Build/tim.o
                0x0800252c                MX_TIM12_Init
 .text.NMI_Handler
                0x080025c0        0x2 Build/stm32f4xx_it.o
                0x080025c0                NMI_Handler
 .text.HardFault_Handler
                0x080025c2        0x2 Build/stm32f4xx_it.o
                0x080025c2                HardFault_Handler
 .text.MemManage_Handler
                0x080025c4        0x2 Build/stm32f4xx_it.o
                0x080025c4                MemManage_Handler
 .text.BusFault_Handler
                0x080025c6        0x2 Build/stm32f4xx_it.o
                0x080025c6                BusFault_Handler
 .text.UsageFault_Handler
                0x080025c8        0x2 Build/stm32f4xx_it.o
                0x080025c8                UsageFault_Handler
 .text.SVC_Handler
                0x080025ca        0x2 Build/stm32f4xx_it.o
                0x080025ca                SVC_Handler
 .text.DebugMon_Handler
                0x080025cc        0x2 Build/stm32f4xx_it.o
                0x080025cc                DebugMon_Handler
 .text.PendSV_Handler
                0x080025ce        0x2 Build/stm32f4xx_it.o
                0x080025ce                PendSV_Handler
 .text.SysTick_Handler
                0x080025d0        0x8 Build/stm32f4xx_it.o
                0x080025d0                SysTick_Handler
 .text.OTG_FS_IRQHandler
                0x080025d8       0x10 Build/stm32f4xx_it.o
                0x080025d8                OTG_FS_IRQHandler
 .text.HAL_MspInit
                0x080025e8       0x38 Build/stm32f4xx_hal_msp.o
                0x080025e8                HAL_MspInit
 .text.SystemInit
                0x08002620       0x14 Build/system_stm32f4xx.o
                0x08002620                SystemInit
 .text.MX_USB_DEVICE_Init
                0x08002634       0x54 Build/usb_device.o
                0x08002634                MX_USB_DEVICE_Init
 .text.USBD_FS_DeviceDescriptor
                0x08002688        0xc Build/usbd_desc.o
                0x08002688                USBD_FS_DeviceDescriptor
 .text.USBD_FS_LangIDStrDescriptor
                0x08002694        0xc Build/usbd_desc.o
                0x08002694                USBD_FS_LangIDStrDescriptor
 .text.IntToUnicode
                0x080026a0       0x46 Build/usbd_desc.o
 *fill*         0x080026e6        0x2 
 .text.Get_SerialNum
                0x080026e8       0x38 Build/usbd_desc.o
 .text.USBD_FS_SerialStrDescriptor
                0x08002720       0x14 Build/usbd_desc.o
                0x08002720                USBD_FS_SerialStrDescriptor
 .text.USBD_FS_ProductStrDescriptor
                0x08002734       0x24 Build/usbd_desc.o
                0x08002734                USBD_FS_ProductStrDescriptor
 .text.USBD_FS_ManufacturerStrDescriptor
                0x08002758       0x1c Build/usbd_desc.o
                0x08002758                USBD_FS_ManufacturerStrDescriptor
 .text.USBD_FS_ConfigStrDescriptor
                0x08002774       0x24 Build/usbd_desc.o
                0x08002774                USBD_FS_ConfigStrDescriptor
 .text.USBD_FS_InterfaceStrDescriptor
                0x08002798       0x24 Build/usbd_desc.o
                0x08002798                USBD_FS_InterfaceStrDescriptor
 .text.CDC_DeInit_FS
                0x080027bc        0x4 Build/usbd_cdc_if.o
 .text.CDC_Control_FS
                0x080027c0        0x4 Build/usbd_cdc_if.o
 .text.CDC_TransmitCplt_FS
                0x080027c4        0x4 Build/usbd_cdc_if.o
 .text.CDC_Receive_FS
                0x080027c8       0x1c Build/usbd_cdc_if.o
 .text.CDC_Init_FS
                0x080027e4       0x28 Build/usbd_cdc_if.o
 .text.HAL_PCD_MspInit
                0x0800280c       0x84 Build/usbd_conf.o
                0x0800280c                HAL_PCD_MspInit
 .text.HAL_PCD_SetupStageCallback
                0x08002890       0x10 Build/usbd_conf.o
                0x08002890                HAL_PCD_SetupStageCallback
 .text.HAL_PCD_DataOutStageCallback
                0x080028a0       0x18 Build/usbd_conf.o
                0x080028a0                HAL_PCD_DataOutStageCallback
 .text.HAL_PCD_DataInStageCallback
                0x080028b8       0x16 Build/usbd_conf.o
                0x080028b8                HAL_PCD_DataInStageCallback
 .text.HAL_PCD_SOFCallback
                0x080028ce        0xc Build/usbd_conf.o
                0x080028ce                HAL_PCD_SOFCallback
 .text.HAL_PCD_ResetCallback
                0x080028da       0x2c Build/usbd_conf.o
                0x080028da                HAL_PCD_ResetCallback
 *fill*         0x08002906        0x2 
 .text.HAL_PCD_SuspendCallback
                0x08002908       0x30 Build/usbd_conf.o
                0x08002908                HAL_PCD_SuspendCallback
 .text.HAL_PCD_ResumeCallback
                0x08002938        0xc Build/usbd_conf.o
                0x08002938                HAL_PCD_ResumeCallback
 .text.HAL_PCD_ISOOUTIncompleteCallback
                0x08002944        0xc Build/usbd_conf.o
                0x08002944                HAL_PCD_ISOOUTIncompleteCallback
 .text.HAL_PCD_ISOINIncompleteCallback
                0x08002950        0xc Build/usbd_conf.o
                0x08002950                HAL_PCD_ISOINIncompleteCallback
 .text.HAL_PCD_ConnectCallback
                0x0800295c        0xc Build/usbd_conf.o
                0x0800295c                HAL_PCD_ConnectCallback
 .text.HAL_PCD_DisconnectCallback
                0x08002968        0xc Build/usbd_conf.o
                0x08002968                HAL_PCD_DisconnectCallback
 .text.USBD_LL_Init
                0x08002974       0x68 Build/usbd_conf.o
                0x08002974                USBD_LL_Init
 .text.USBD_LL_IsStallEP
                0x080029dc       0x2e Build/usbd_conf.o
                0x080029dc                USBD_LL_IsStallEP
 .text.USBD_LL_GetRxDataSize
                0x08002a0a        0xc Build/usbd_conf.o
                0x08002a0a                USBD_LL_GetRxDataSize
 *fill*         0x08002a16        0x2 
 .text.USBD_static_malloc
                0x08002a18        0x8 Build/usbd_conf.o
                0x08002a18                USBD_static_malloc
 .text.USBD_static_free
                0x08002a20        0x2 Build/usbd_conf.o
                0x08002a20                USBD_static_free
 .text.USBD_Get_USB_Status
                0x08002a22       0x14 Build/usbd_conf.o
                0x08002a22                USBD_Get_USB_Status
 .text.USBD_LL_Start
                0x08002a36       0x10 Build/usbd_conf.o
                0x08002a36                USBD_LL_Start
 .text.USBD_LL_OpenEP
                0x08002a46       0x16 Build/usbd_conf.o
                0x08002a46                USBD_LL_OpenEP
 .text.USBD_LL_CloseEP
                0x08002a5c       0x10 Build/usbd_conf.o
                0x08002a5c                USBD_LL_CloseEP
 .text.USBD_LL_StallEP
                0x08002a6c       0x10 Build/usbd_conf.o
                0x08002a6c                USBD_LL_StallEP
 .text.USBD_LL_ClearStallEP
                0x08002a7c       0x10 Build/usbd_conf.o
                0x08002a7c                USBD_LL_ClearStallEP
 .text.USBD_LL_SetUSBAddress
                0x08002a8c       0x10 Build/usbd_conf.o
                0x08002a8c                USBD_LL_SetUSBAddress
 .text.USBD_LL_Transmit
                0x08002a9c       0x10 Build/usbd_conf.o
                0x08002a9c                USBD_LL_Transmit
 .text.USBD_LL_PrepareReceive
                0x08002aac       0x10 Build/usbd_conf.o
                0x08002aac                USBD_LL_PrepareReceive
 .text.PCD_WriteEmptyTxFifo
                0x08002abc       0xd0 Build/stm32f4xx_hal_pcd.o
 .text.HAL_PCD_Init
                0x08002b8c      0x12e Build/stm32f4xx_hal_pcd.o
                0x08002b8c                HAL_PCD_Init
 .text.HAL_PCD_Start
                0x08002cba       0x42 Build/stm32f4xx_hal_pcd.o
                0x08002cba                HAL_PCD_Start
 .text.PCD_EP_OutXfrComplete_int
                0x08002cfc       0xf4 Build/stm32f4xx_hal_pcd.o
 .text.PCD_EP_OutSetupPacket_int
                0x08002df0       0x50 Build/stm32f4xx_hal_pcd.o
 .text.HAL_PCD_IRQHandler
                0x08002e40      0x476 Build/stm32f4xx_hal_pcd.o
                0x08002e40                HAL_PCD_IRQHandler
 .text.HAL_PCD_SetAddress
                0x080032b6       0x28 Build/stm32f4xx_hal_pcd.o
                0x080032b6                HAL_PCD_SetAddress
 .text.HAL_PCD_EP_Open
                0x080032de       0x8a Build/stm32f4xx_hal_pcd.o
                0x080032de                HAL_PCD_EP_Open
 .text.HAL_PCD_EP_Close
                0x08003368       0x72 Build/stm32f4xx_hal_pcd.o
                0x08003368                HAL_PCD_EP_Close
 .text.HAL_PCD_EP_Receive
                0x080033da       0x5e Build/stm32f4xx_hal_pcd.o
                0x080033da                HAL_PCD_EP_Receive
 .text.HAL_PCD_EP_GetRxCount
                0x08003438       0x12 Build/stm32f4xx_hal_pcd.o
                0x08003438                HAL_PCD_EP_GetRxCount
 .text.HAL_PCD_EP_Transmit
                0x0800344a       0x5e Build/stm32f4xx_hal_pcd.o
                0x0800344a                HAL_PCD_EP_Transmit
 .text.HAL_PCD_EP_SetStall
                0x080034a8       0x88 Build/stm32f4xx_hal_pcd.o
                0x080034a8                HAL_PCD_EP_SetStall
 .text.HAL_PCD_EP_ClrStall
                0x08003530       0x76 Build/stm32f4xx_hal_pcd.o
                0x08003530                HAL_PCD_EP_ClrStall
 .text.HAL_PCDEx_SetTxFiFo
                0x080035a6       0x4c Build/stm32f4xx_hal_pcd_ex.o
                0x080035a6                HAL_PCDEx_SetTxFiFo
 .text.HAL_PCDEx_SetRxFiFo
                0x080035f2        0x8 Build/stm32f4xx_hal_pcd_ex.o
                0x080035f2                HAL_PCDEx_SetRxFiFo
 .text.HAL_PCDEx_LPM_Callback
                0x080035fa        0x2 Build/stm32f4xx_hal_pcd_ex.o
                0x080035fa                HAL_PCDEx_LPM_Callback
 .text.USB_CoreReset
                0x080035fc       0x4c Build/stm32f4xx_ll_usb.o
 .text.USB_CoreInit
                0x08003648       0x8a Build/stm32f4xx_ll_usb.o
                0x08003648                USB_CoreInit
 *fill*         0x080036d2        0x2 
 .text.USB_SetTurnaroundTime
                0x080036d4       0xe4 Build/stm32f4xx_ll_usb.o
                0x080036d4                USB_SetTurnaroundTime
 .text.USB_EnableGlobalInt
                0x080037b8        0xc Build/stm32f4xx_ll_usb.o
                0x080037b8                USB_EnableGlobalInt
 .text.USB_DisableGlobalInt
                0x080037c4        0xc Build/stm32f4xx_ll_usb.o
                0x080037c4                USB_DisableGlobalInt
 .text.USB_FlushTxFifo
                0x080037d0       0x30 Build/stm32f4xx_ll_usb.o
                0x080037d0                USB_FlushTxFifo
 .text.USB_FlushRxFifo
                0x08003800       0x2c Build/stm32f4xx_ll_usb.o
                0x08003800                USB_FlushRxFifo
 .text.USB_SetDevSpeed
                0x0800382c        0xe Build/stm32f4xx_ll_usb.o
                0x0800382c                USB_SetDevSpeed
 *fill*         0x0800383a        0x2 
 .text.USB_DevInit
                0x0800383c      0x190 Build/stm32f4xx_ll_usb.o
                0x0800383c                USB_DevInit
 .text.USB_GetDevSpeed
                0x080039cc       0x22 Build/stm32f4xx_ll_usb.o
                0x080039cc                USB_GetDevSpeed
 .text.USB_ActivateEndpoint
                0x080039ee       0x9c Build/stm32f4xx_ll_usb.o
                0x080039ee                USB_ActivateEndpoint
 *fill*         0x08003a8a        0x2 
 .text.USB_DeactivateEndpoint
                0x08003a8c       0xe0 Build/stm32f4xx_ll_usb.o
                0x08003a8c                USB_DeactivateEndpoint
 .text.USB_EP0StartXfer
                0x08003b6c      0x120 Build/stm32f4xx_ll_usb.o
                0x08003b6c                USB_EP0StartXfer
 .text.USB_WritePacket
                0x08003c8c       0x2e Build/stm32f4xx_ll_usb.o
                0x08003c8c                USB_WritePacket
 *fill*         0x08003cba        0x2 
 .text.USB_EPStartXfer
                0x08003cbc      0x238 Build/stm32f4xx_ll_usb.o
                0x08003cbc                USB_EPStartXfer
 .text.USB_ReadPacket
                0x08003ef4       0x54 Build/stm32f4xx_ll_usb.o
                0x08003ef4                USB_ReadPacket
 .text.USB_EPSetStall
                0x08003f48       0x5a Build/stm32f4xx_ll_usb.o
                0x08003f48                USB_EPSetStall
 .text.USB_EPClearStall
                0x08003fa2       0x5c Build/stm32f4xx_ll_usb.o
                0x08003fa2                USB_EPClearStall
 .text.USB_SetDevAddress
                0x08003ffe       0x20 Build/stm32f4xx_ll_usb.o
                0x08003ffe                USB_SetDevAddress
 .text.USB_DevConnect
                0x0800401e       0x1c Build/stm32f4xx_ll_usb.o
                0x0800401e                USB_DevConnect
 .text.USB_DevDisconnect
                0x0800403a       0x1c Build/stm32f4xx_ll_usb.o
                0x0800403a                USB_DevDisconnect
 .text.USB_ReadInterrupts
                0x08004056        0x8 Build/stm32f4xx_ll_usb.o
                0x08004056                USB_ReadInterrupts
 .text.USB_ReadDevAllOutEpInterrupt
                0x0800405e       0x10 Build/stm32f4xx_ll_usb.o
                0x0800405e                USB_ReadDevAllOutEpInterrupt
 .text.USB_ReadDevAllInEpInterrupt
                0x0800406e       0x10 Build/stm32f4xx_ll_usb.o
                0x0800406e                USB_ReadDevAllInEpInterrupt
 .text.USB_ReadDevOutEPInterrupt
                0x0800407e       0x12 Build/stm32f4xx_ll_usb.o
                0x0800407e                USB_ReadDevOutEPInterrupt
 .text.USB_ReadDevInEPInterrupt
                0x08004090       0x28 Build/stm32f4xx_ll_usb.o
                0x08004090                USB_ReadDevInEPInterrupt
 .text.USB_GetMode
                0x080040b8        0x8 Build/stm32f4xx_ll_usb.o
                0x080040b8                USB_GetMode
 .text.USB_SetCurrentMode
                0x080040c0       0x62 Build/stm32f4xx_ll_usb.o
                0x080040c0                USB_SetCurrentMode
 .text.USB_ActivateSetup
                0x08004122       0x20 Build/stm32f4xx_ll_usb.o
                0x08004122                USB_ActivateSetup
 *fill*         0x08004142        0x2 
 .text.USB_EP0_OutStart
                0x08004144       0x60 Build/stm32f4xx_ll_usb.o
                0x08004144                USB_EP0_OutStart
 .text.HAL_RCC_OscConfig
                0x080041a4      0x3f8 Build/stm32f4xx_hal_rcc.o
                0x080041a4                HAL_RCC_OscConfig
 .text.HAL_RCC_GetSysClockFreq
                0x0800459c       0xc8 Build/stm32f4xx_hal_rcc.o
                0x0800459c                HAL_RCC_GetSysClockFreq
 .text.HAL_RCC_ClockConfig
                0x08004664      0x160 Build/stm32f4xx_hal_rcc.o
                0x08004664                HAL_RCC_ClockConfig
 .text.HAL_RCC_GetHCLKFreq
                0x080047c4        0xc Build/stm32f4xx_hal_rcc.o
                0x080047c4                HAL_RCC_GetHCLKFreq
 .text.HAL_RCC_GetPCLK1Freq
                0x080047d0       0x20 Build/stm32f4xx_hal_rcc.o
                0x080047d0                HAL_RCC_GetPCLK1Freq
 .text.HAL_GPIO_Init
                0x080047f0      0x1e4 Build/stm32f4xx_hal_gpio.o
                0x080047f0                HAL_GPIO_Init
 .text.HAL_GPIO_WritePin
                0x080049d4        0xc Build/stm32f4xx_hal_gpio.o
                0x080049d4                HAL_GPIO_WritePin
 .text.HAL_NVIC_SetPriorityGrouping
                0x080049e0       0x24 Build/stm32f4xx_hal_cortex.o
                0x080049e0                HAL_NVIC_SetPriorityGrouping
 .text.HAL_NVIC_SetPriority
                0x08004a04       0x70 Build/stm32f4xx_hal_cortex.o
                0x08004a04                HAL_NVIC_SetPriority
 .text.HAL_NVIC_EnableIRQ
                0x08004a74       0x1c Build/stm32f4xx_hal_cortex.o
                0x08004a74                HAL_NVIC_EnableIRQ
 .text.HAL_SYSTICK_Config
                0x08004a90       0x28 Build/stm32f4xx_hal_cortex.o
                0x08004a90                HAL_SYSTICK_Config
 .text.HAL_InitTick
                0x08004ab8       0x4c Build/stm32f4xx_hal.o
                0x08004ab8                HAL_InitTick
 .text.HAL_Init
                0x08004b04       0x34 Build/stm32f4xx_hal.o
                0x08004b04                HAL_Init
 .text.HAL_IncTick
                0x08004b38       0x18 Build/stm32f4xx_hal.o
                0x08004b38                HAL_IncTick
 .text.HAL_GetTick
                0x08004b50        0xc Build/stm32f4xx_hal.o
                0x08004b50                HAL_GetTick
 .text.HAL_Delay
                0x08004b5c       0x28 Build/stm32f4xx_hal.o
                0x08004b5c                HAL_Delay
 .text.I2C_IsAcknowledgeFailed
                0x08004b84       0x32 Build/stm32f4xx_hal_i2c.o
 .text.I2C_WaitOnFlagUntilTimeout
                0x08004bb6       0x7c Build/stm32f4xx_hal_i2c.o
 .text.I2C_WaitOnMasterAddressFlagUntilTimeout
                0x08004c32       0xaa Build/stm32f4xx_hal_i2c.o
 .text.I2C_WaitOnTXEFlagUntilTimeout
                0x08004cdc       0x54 Build/stm32f4xx_hal_i2c.o
 .text.I2C_RequestMemoryWrite
                0x08004d30       0xd8 Build/stm32f4xx_hal_i2c.o
 .text.I2C_RequestMemoryRead
                0x08004e08      0x154 Build/stm32f4xx_hal_i2c.o
 .text.I2C_WaitOnBTFFlagUntilTimeout
                0x08004f5c       0x54 Build/stm32f4xx_hal_i2c.o
 .text.I2C_WaitOnRXNEFlagUntilTimeout
                0x08004fb0       0x6a Build/stm32f4xx_hal_i2c.o
 *fill*         0x0800501a        0x2 
 .text.HAL_I2C_Init
                0x0800501c      0x1bc Build/stm32f4xx_hal_i2c.o
                0x0800501c                HAL_I2C_Init
 .text.HAL_I2C_Mem_Write
                0x080051d8      0x164 Build/stm32f4xx_hal_i2c.o
                0x080051d8                HAL_I2C_Mem_Write
 .text.HAL_I2C_Mem_Read
                0x0800533c      0x2e4 Build/stm32f4xx_hal_i2c.o
                0x0800533c                HAL_I2C_Mem_Read
 .text.SPI_WaitFlagStateUntilTimeout
                0x08005620       0xd4 Build/stm32f4xx_hal_spi.o
 .text.SPI_EndRxTxTransaction
                0x080056f4       0x68 Build/stm32f4xx_hal_spi.o
 .text.SPI_EndRxTransaction
                0x0800575c       0x8c Build/stm32f4xx_hal_spi.o
 .text.HAL_SPI_Init
                0x080057e8       0xbe Build/stm32f4xx_hal_spi.o
                0x080057e8                HAL_SPI_Init
 .text.HAL_SPI_Transmit
                0x080058a6      0x1b8 Build/stm32f4xx_hal_spi.o
                0x080058a6                HAL_SPI_Transmit
 .text.HAL_SPI_TransmitReceive
                0x08005a5e      0x238 Build/stm32f4xx_hal_spi.o
                0x08005a5e                HAL_SPI_TransmitReceive
 .text.HAL_SPI_Receive
                0x08005c96      0x180 Build/stm32f4xx_hal_spi.o
                0x08005c96                HAL_SPI_Receive
 *fill*         0x08005e16        0x2 
 .text.TIM_OC1_SetConfig
                0x08005e18       0x68 Build/stm32f4xx_hal_tim.o
 .text.TIM_OC3_SetConfig
                0x08005e80       0x70 Build/stm32f4xx_hal_tim.o
 .text.TIM_OC4_SetConfig
                0x08005ef0       0x50 Build/stm32f4xx_hal_tim.o
 .text.TIM_TI1_ConfigInputStage
                0x08005f40       0x26 Build/stm32f4xx_hal_tim.o
 .text.TIM_TI2_ConfigInputStage
                0x08005f66       0x28 Build/stm32f4xx_hal_tim.o
 .text.TIM_ITRx_SetConfig
                0x08005f8e       0x10 Build/stm32f4xx_hal_tim.o
 .text.HAL_TIM_PWM_MspInit
                0x08005f9e        0x2 Build/stm32f4xx_hal_tim.o
                0x08005f9e                HAL_TIM_PWM_MspInit
 .text.TIM_Base_SetConfig
                0x08005fa0       0xc8 Build/stm32f4xx_hal_tim.o
                0x08005fa0                TIM_Base_SetConfig
 .text.HAL_TIM_Base_Init
                0x08006068       0x58 Build/stm32f4xx_hal_tim.o
                0x08006068                HAL_TIM_Base_Init
 .text.HAL_TIM_PWM_Init
                0x080060c0       0x58 Build/stm32f4xx_hal_tim.o
                0x080060c0                HAL_TIM_PWM_Init
 .text.TIM_OC2_SetConfig
                0x08006118       0x70 Build/stm32f4xx_hal_tim.o
                0x08006118                TIM_OC2_SetConfig
 .text.HAL_TIM_PWM_ConfigChannel
                0x08006188       0xdc Build/stm32f4xx_hal_tim.o
                0x08006188                HAL_TIM_PWM_ConfigChannel
 .text.TIM_ETR_SetConfig
                0x08006264       0x1a Build/stm32f4xx_hal_tim.o
                0x08006264                TIM_ETR_SetConfig
 .text.HAL_TIM_ConfigClockSource
                0x0800627e       0xfe Build/stm32f4xx_hal_tim.o
                0x0800627e                HAL_TIM_ConfigClockSource
 .text.TIM_CCxChannelCmd
                0x0800637c       0x1e Build/stm32f4xx_hal_tim.o
                0x0800637c                TIM_CCxChannelCmd
 *fill*         0x0800639a        0x2 
 .text.HAL_TIM_PWM_Start
                0x0800639c      0x104 Build/stm32f4xx_hal_tim.o
                0x0800639c                HAL_TIM_PWM_Start
 .text.HAL_TIMEx_MasterConfigSynchronization
                0x080064a0       0x8c Build/stm32f4xx_hal_tim_ex.o
                0x080064a0                HAL_TIMEx_MasterConfigSynchronization
 .text.USBD_Init
                0x0800652c       0x2e Build/usbd_core.o
                0x0800652c                USBD_Init
 .text.USBD_RegisterClass
                0x0800655a       0x2e Build/usbd_core.o
                0x0800655a                USBD_RegisterClass
 .text.USBD_Start
                0x08006588        0x8 Build/usbd_core.o
                0x08006588                USBD_Start
 .text.USBD_SetClassConfig
                0x08006590       0x12 Build/usbd_core.o
                0x08006590                USBD_SetClassConfig
 .text.USBD_ClrClassConfig
                0x080065a2       0x10 Build/usbd_core.o
                0x080065a2                USBD_ClrClassConfig
 .text.USBD_LL_SetupStage
                0x080065b2       0x58 Build/usbd_core.o
                0x080065b2                USBD_LL_SetupStage
 .text.USBD_LL_DataOutStage
                0x0800660a       0x78 Build/usbd_core.o
                0x0800660a                USBD_LL_DataOutStage
 .text.USBD_LL_DataInStage
                0x08006682       0xbe Build/usbd_core.o
                0x08006682                USBD_LL_DataInStage
 .text.USBD_LL_Reset
                0x08006740       0x5a Build/usbd_core.o
                0x08006740                USBD_LL_Reset
 .text.USBD_LL_SetSpeed
                0x0800679a        0x6 Build/usbd_core.o
                0x0800679a                USBD_LL_SetSpeed
 .text.USBD_LL_Suspend
                0x080067a0       0x14 Build/usbd_core.o
                0x080067a0                USBD_LL_Suspend
 .text.USBD_LL_Resume
                0x080067b4       0x1a Build/usbd_core.o
                0x080067b4                USBD_LL_Resume
 .text.USBD_LL_SOF
                0x080067ce       0x28 Build/usbd_core.o
                0x080067ce                USBD_LL_SOF
 .text.USBD_LL_IsoINIncomplete
                0x080067f6       0x28 Build/usbd_core.o
                0x080067f6                USBD_LL_IsoINIncomplete
 .text.USBD_LL_IsoOUTIncomplete
                0x0800681e       0x28 Build/usbd_core.o
                0x0800681e                USBD_LL_IsoOUTIncomplete
 .text.USBD_LL_DevConnected
                0x08006846        0x4 Build/usbd_core.o
                0x08006846                USBD_LL_DevConnected
 .text.USBD_LL_DevDisconnected
                0x0800684a       0x18 Build/usbd_core.o
                0x0800684a                USBD_LL_DevDisconnected
 .text.USBD_GetLen
                0x08006862       0x14 Build/usbd_ctlreq.o
 .text.USBD_SetFeature
                0x08006876       0x14 Build/usbd_ctlreq.o
 .text.USBD_ParseSetupRequest
                0x0800688a       0x28 Build/usbd_ctlreq.o
                0x0800688a                USBD_ParseSetupRequest
 .text.USBD_CtlError
                0x080068b2       0x14 Build/usbd_ctlreq.o
                0x080068b2                USBD_CtlError
 .text.USBD_GetDescriptor
                0x080068c6      0x18a Build/usbd_ctlreq.o
 .text.USBD_SetAddress
                0x08006a50       0x50 Build/usbd_ctlreq.o
 .text.USBD_SetConfig
                0x08006aa0       0xc8 Build/usbd_ctlreq.o
 .text.USBD_GetConfig
                0x08006b68       0x40 Build/usbd_ctlreq.o
 .text.USBD_GetStatus
                0x08006ba8       0x38 Build/usbd_ctlreq.o
 .text.USBD_ClrFeature
                0x08006be0       0x26 Build/usbd_ctlreq.o
 .text.USBD_StdDevReq
                0x08006c06       0x70 Build/usbd_ctlreq.o
                0x08006c06                USBD_StdDevReq
 .text.USBD_StdItfReq
                0x08006c76       0x68 Build/usbd_ctlreq.o
                0x08006c76                USBD_StdItfReq
 .text.USBD_StdEPReq
                0x08006cde      0x1ec Build/usbd_ctlreq.o
                0x08006cde                USBD_StdEPReq
 .text.USBD_GetString
                0x08006eca       0x3a Build/usbd_ctlreq.o
                0x08006eca                USBD_GetString
 .text.USBD_CtlSendData
                0x08006f04       0x1a Build/usbd_ioreq.o
                0x08006f04                USBD_CtlSendData
 .text.USBD_CtlContinueSendData
                0x08006f1e       0x10 Build/usbd_ioreq.o
                0x08006f1e                USBD_CtlContinueSendData
 .text.USBD_CtlPrepareRx
                0x08006f2e       0x1e Build/usbd_ioreq.o
                0x08006f2e                USBD_CtlPrepareRx
 .text.USBD_CtlContinueRx
                0x08006f4c       0x10 Build/usbd_ioreq.o
                0x08006f4c                USBD_CtlContinueRx
 .text.USBD_CtlSendStatus
                0x08006f5c       0x16 Build/usbd_ioreq.o
                0x08006f5c                USBD_CtlSendStatus
 .text.USBD_CtlReceiveStatus
                0x08006f72       0x16 Build/usbd_ioreq.o
                0x08006f72                USBD_CtlReceiveStatus
 .text.USBD_CDC_EP0_RxReady
                0x08006f88       0x36 Build/usbd_cdc.o
 *fill*         0x08006fbe        0x2 
 .text.USBD_CDC_GetFSCfgDesc
                0x08006fc0        0xc Build/usbd_cdc.o
 .text.USBD_CDC_GetHSCfgDesc
                0x08006fcc        0xc Build/usbd_cdc.o
 .text.USBD_CDC_GetOtherSpeedCfgDesc
                0x08006fd8        0xc Build/usbd_cdc.o
 .text.USBD_CDC_GetDeviceQualifierDescriptor
                0x08006fe4        0xc Build/usbd_cdc.o
                0x08006fe4                USBD_CDC_GetDeviceQualifierDescriptor
 .text.USBD_CDC_DataOut
                0x08006ff0       0x2a Build/usbd_cdc.o
 .text.USBD_CDC_DataIn
                0x0800701a       0x6a Build/usbd_cdc.o
 .text.USBD_CDC_Setup
                0x08007084       0xf4 Build/usbd_cdc.o
 .text.USBD_CDC_DeInit
                0x08007178       0x48 Build/usbd_cdc.o
 .text.USBD_CDC_Init
                0x080071c0       0xc2 Build/usbd_cdc.o
 .text.USBD_CDC_RegisterInterface
                0x08007282        0xe Build/usbd_cdc.o
                0x08007282                USBD_CDC_RegisterInterface
 .text.USBD_CDC_SetTxBuffer
                0x08007290       0x16 Build/usbd_cdc.o
                0x08007290                USBD_CDC_SetTxBuffer
 .text.USBD_CDC_SetRxBuffer
                0x080072a6       0x12 Build/usbd_cdc.o
                0x080072a6                USBD_CDC_SetRxBuffer
 .text.USBD_CDC_ReceivePacket
                0x080072b8       0x32 Build/usbd_cdc.o
                0x080072b8                USBD_CDC_ReceivePacket
 *fill*         0x080072ea        0x2 
 .text.ADC_Init
                0x080072ec      0x134 Build/stm32f4xx_hal_adc.o
 .text.HAL_ADC_Init
                0x08007420       0x56 Build/stm32f4xx_hal_adc.o
                0x08007420                HAL_ADC_Init
 *fill*         0x08007476        0x2 
 .text.HAL_ADC_Start
                0x08007478      0x144 Build/stm32f4xx_hal_adc.o
                0x08007478                HAL_ADC_Start
 .text.HAL_ADC_PollForConversion
                0x080075bc       0xb8 Build/stm32f4xx_hal_adc.o
                0x080075bc                HAL_ADC_PollForConversion
 .text.HAL_ADC_GetValue
                0x08007674        0x6 Build/stm32f4xx_hal_adc.o
                0x08007674                HAL_ADC_GetValue
 *fill*         0x0800767a        0x2 
 .text.HAL_ADC_ConfigChannel
                0x0800767c      0x198 Build/stm32f4xx_hal_adc.o
                0x0800767c                HAL_ADC_ConfigChannel
 .text.Reset_Handler
                0x08007814       0x50 Build/startup_stm32f405xx.o
                0x08007814                Reset_Handler
 .text.Default_Handler
                0x08007864        0x2 Build/startup_stm32f405xx.o
                0x08007864                RTC_Alarm_IRQHandler
                0x08007864                HASH_RNG_IRQHandler
                0x08007864                EXTI2_IRQHandler
                0x08007864                TIM8_CC_IRQHandler
                0x08007864                TIM1_CC_IRQHandler
                0x08007864                DMA2_Stream5_IRQHandler
                0x08007864                DMA1_Stream5_IRQHandler
                0x08007864                PVD_IRQHandler
                0x08007864                SDIO_IRQHandler
                0x08007864                TAMP_STAMP_IRQHandler
                0x08007864                CAN2_RX1_IRQHandler
                0x08007864                EXTI3_IRQHandler
                0x08007864                TIM8_TRG_COM_TIM14_IRQHandler
                0x08007864                TIM1_UP_TIM10_IRQHandler
                0x08007864                TIM8_UP_TIM13_IRQHandler
                0x08007864                I2C3_ER_IRQHandler
                0x08007864                EXTI0_IRQHandler
                0x08007864                I2C2_EV_IRQHandler
                0x08007864                DMA1_Stream2_IRQHandler
                0x08007864                CAN1_RX0_IRQHandler
                0x08007864                FPU_IRQHandler
                0x08007864                OTG_HS_WKUP_IRQHandler
                0x08007864                CAN2_SCE_IRQHandler
                0x08007864                DMA2_Stream2_IRQHandler
                0x08007864                SPI1_IRQHandler
                0x08007864                TIM6_DAC_IRQHandler
                0x08007864                TIM1_BRK_TIM9_IRQHandler
                0x08007864                CAN2_RX0_IRQHandler
                0x08007864                DMA2_Stream3_IRQHandler
                0x08007864                USART6_IRQHandler
                0x08007864                USART3_IRQHandler
                0x08007864                CAN1_RX1_IRQHandler
                0x08007864                UART5_IRQHandler
                0x08007864                DMA2_Stream0_IRQHandler
                0x08007864                TIM4_IRQHandler
                0x08007864                I2C1_EV_IRQHandler
                0x08007864                DMA1_Stream6_IRQHandler
                0x08007864                DMA1_Stream1_IRQHandler
                0x08007864                UART4_IRQHandler
                0x08007864                TIM3_IRQHandler
                0x08007864                RCC_IRQHandler
                0x08007864                TIM8_BRK_TIM12_IRQHandler
                0x08007864                Default_Handler
                0x08007864                EXTI15_10_IRQHandler
                0x08007864                ADC_IRQHandler
                0x08007864                DMA1_Stream7_IRQHandler
                0x08007864                TIM7_IRQHandler
                0x08007864                CAN2_TX_IRQHandler
                0x08007864                TIM5_IRQHandler
                0x08007864                DMA2_Stream7_IRQHandler
                0x08007864                I2C3_EV_IRQHandler
                0x08007864                EXTI9_5_IRQHandler
                0x08007864                RTC_WKUP_IRQHandler
                0x08007864                SPI2_IRQHandler
                0x08007864                OTG_HS_EP1_IN_IRQHandler
                0x08007864                DMA1_Stream0_IRQHandler
                0x08007864                CAN1_TX_IRQHandler
                0x08007864                EXTI4_IRQHandler
                0x08007864                FSMC_IRQHandler
                0x08007864                OTG_HS_EP1_OUT_IRQHandler
                0x08007864                WWDG_IRQHandler
                0x08007864                TIM2_IRQHandler
                0x08007864                OTG_FS_WKUP_IRQHandler
                0x08007864                TIM1_TRG_COM_TIM11_IRQHandler
                0x08007864                OTG_HS_IRQHandler
                0x08007864                EXTI1_IRQHandler
                0x08007864                USART2_IRQHandler
                0x08007864                I2C2_ER_IRQHandler
                0x08007864                DMA2_Stream1_IRQHandler
                0x08007864                CAN1_SCE_IRQHandler
                0x08007864                FLASH_IRQHandler
                0x08007864                DMA2_Stream4_IRQHandler
                0x08007864                USART1_IRQHandler
                0x08007864                SPI3_IRQHandler
                0x08007864                DMA1_Stream4_IRQHandler
                0x08007864                I2C1_ER_IRQHandler
                0x08007864                DMA2_Stream6_IRQHandler
                0x08007864                DMA1_Stream3_IRQHandler
 *fill*         0x08007866        0x2 
 .text.__libc_init_array
                0x08007868       0x48 c:/program files (x86)/gnu arm embedded toolchain/10 2020-q4-major/bin/../lib/gcc/arm-none-eabi/10.2.1/../../../../arm-none-eabi/lib/thumb/v7e-m+fp/hard\libc.a(lib_a-init.o)
                0x08007868                __libc_init_array
 .text.malloc   0x080078b0       0x10 c:/program files (x86)/gnu arm embedded toolchain/10 2020-q4-major/bin/../lib/gcc/arm-none-eabi/10.2.1/../../../../arm-none-eabi/lib/thumb/v7e-m+fp/hard\libc.a(lib_a-malloc.o)
                0x080078b0                malloc
 .text._malloc_r
                0x080078c0      0x560 c:/program files (x86)/gnu arm embedded toolchain/10 2020-q4-major/bin/../lib/gcc/arm-none-eabi/10.2.1/../../../../arm-none-eabi/lib/thumb/v7e-m+fp/hard\libc.a(lib_a-mallocr.o)
                0x080078c0                _malloc_r
 .text.memset   0x08007e20       0xa4 c:/program files (x86)/gnu arm embedded toolchain/10 2020-q4-major/bin/../lib/gcc/arm-none-eabi/10.2.1/../../../../arm-none-eabi/lib/thumb/v7e-m+fp/hard\libc.a(lib_a-memset.o)
                0x08007e20                memset
 .text.__malloc_lock
                0x08007ec4        0xc c:/program files (x86)/gnu arm embedded toolchain/10 2020-q4-major/bin/../lib/gcc/arm-none-eabi/10.2.1/../../../../arm-none-eabi/lib/thumb/v7e-m+fp/hard\libc.a(lib_a-mlock.o)
                0x08007ec4                __malloc_lock
 .text.__malloc_unlock
                0x08007ed0        0xc c:/program files (x86)/gnu arm embedded toolchain/10 2020-q4-major/bin/../lib/gcc/arm-none-eabi/10.2.1/../../../../arm-none-eabi/lib/thumb/v7e-m+fp/hard\libc.a(lib_a-mlock.o)
                0x08007ed0                __malloc_unlock
 .text._sbrk_r  0x08007edc       0x24 c:/program files (x86)/gnu arm embedded toolchain/10 2020-q4-major/bin/../lib/gcc/arm-none-eabi/10.2.1/../../../../arm-none-eabi/lib/thumb/v7e-m+fp/hard\libc.a(lib_a-sbrkr.o)
                0x08007edc                _sbrk_r
 .text.startup.register_fini
                0x08007f00       0x14 c:/program files (x86)/gnu arm embedded toolchain/10 2020-q4-major/bin/../lib/gcc/arm-none-eabi/10.2.1/../../../../arm-none-eabi/lib/thumb/v7e-m+fp/hard\libc.a(lib_a-__call_atexit.o)
 .text.atexit   0x08007f14        0xc c:/program files (x86)/gnu arm embedded toolchain/10 2020-q4-major/bin/../lib/gcc/arm-none-eabi/10.2.1/../../../../arm-none-eabi/lib/thumb/v7e-m+fp/hard\libc.a(lib_a-atexit.o)
                0x08007f14                atexit
 .text.__libc_fini_array
                0x08007f20       0x2c c:/program files (x86)/gnu arm embedded toolchain/10 2020-q4-major/bin/../lib/gcc/arm-none-eabi/10.2.1/../../../../arm-none-eabi/lib/thumb/v7e-m+fp/hard\libc.a(lib_a-fini.o)
                0x08007f20                __libc_fini_array
 .text._malloc_trim_r
                0x08007f4c       0xa0 c:/program files (x86)/gnu arm embedded toolchain/10 2020-q4-major/bin/../lib/gcc/arm-none-eabi/10.2.1/../../../../arm-none-eabi/lib/thumb/v7e-m+fp/hard\libc.a(lib_a-freer.o)
                0x08007f4c                _malloc_trim_r
 .text._free_r  0x08007fec      0x20c c:/program files (x86)/gnu arm embedded toolchain/10 2020-q4-major/bin/../lib/gcc/arm-none-eabi/10.2.1/../../../../arm-none-eabi/lib/thumb/v7e-m+fp/hard\libc.a(lib_a-freer.o)
                0x08007fec                _free_r
 .text.__retarget_lock_acquire_recursive
                0x080081f8        0x4 c:/program files (x86)/gnu arm embedded toolchain/10 2020-q4-major/bin/../lib/gcc/arm-none-eabi/10.2.1/../../../../arm-none-eabi/lib/thumb/v7e-m+fp/hard\libc.a(lib_a-lock.o)
                0x080081f8                __retarget_lock_acquire_recursive
 .text.__retarget_lock_release_recursive
                0x080081fc        0x4 c:/program files (x86)/gnu arm embedded toolchain/10 2020-q4-major/bin/../lib/gcc/arm-none-eabi/10.2.1/../../../../arm-none-eabi/lib/thumb/v7e-m+fp/hard\libc.a(lib_a-lock.o)
                0x080081fc                __retarget_lock_release_recursive
 .text.__register_exitproc
                0x08008200       0x8c c:/program files (x86)/gnu arm embedded toolchain/10 2020-q4-major/bin/../lib/gcc/arm-none-eabi/10.2.1/../../../../arm-none-eabi/lib/thumb/v7e-m+fp/hard\libc.a(lib_a-__atexit.o)
                0x08008200                __register_exitproc
 .text.startup._GLOBAL__sub_I__ZN9__gnu_cxx9__freeresEv
                0x0800828c       0x28 c:/program files (x86)/gnu arm embedded toolchain/10 2020-q4-major/bin/../lib/gcc/arm-none-eabi/10.2.1/../../../../arm-none-eabi/lib/thumb/v7e-m+fp/hard\libsupc++.a(eh_alloc.o)
 .text.atanf    0x080082b4      0x1b4 c:/program files (x86)/gnu arm embedded toolchain/10 2020-q4-major/bin/../lib/gcc/arm-none-eabi/10.2.1/../../../../arm-none-eabi/lib/thumb/v7e-m+fp/hard\libm.a(lib_a-sf_atan.o)
                0x080082b4                atanf
 .text.cosf     0x08008468       0x70 c:/program files (x86)/gnu arm embedded toolchain/10 2020-q4-major/bin/../lib/gcc/arm-none-eabi/10.2.1/../../../../arm-none-eabi/lib/thumb/v7e-m+fp/hard\libm.a(lib_a-sf_cos.o)
                0x08008468                cosf
 .text.fabsf    0x080084d8       0x10 c:/program files (x86)/gnu arm embedded toolchain/10 2020-q4-major/bin/../lib/gcc/arm-none-eabi/10.2.1/../../../../arm-none-eabi/lib/thumb/v7e-m+fp/hard\libm.a(lib_a-sf_fabs.o)
                0x080084d8                fabsf
 .text.sinf     0x080084e8       0x74 c:/program files (x86)/gnu arm embedded toolchain/10 2020-q4-major/bin/../lib/gcc/arm-none-eabi/10.2.1/../../../../arm-none-eabi/lib/thumb/v7e-m+fp/hard\libm.a(lib_a-sf_sin.o)
                0x080084e8                sinf
 .text.tanf     0x0800855c       0x54 c:/program files (x86)/gnu arm embedded toolchain/10 2020-q4-major/bin/../lib/gcc/arm-none-eabi/10.2.1/../../../../arm-none-eabi/lib/thumb/v7e-m+fp/hard\libm.a(lib_a-sf_tan.o)
                0x0800855c                tanf
 .text.pow      0x080085b0      0x1a4 c:/program files (x86)/gnu arm embedded toolchain/10 2020-q4-major/bin/../lib/gcc/arm-none-eabi/10.2.1/../../../../arm-none-eabi/lib/thumb/v7e-m+fp/hard\libm.a(lib_a-w_pow.o)
                0x080085b0                pow
 .text.asinf    0x08008754       0x68 c:/program files (x86)/gnu arm embedded toolchain/10 2020-q4-major/bin/../lib/gcc/arm-none-eabi/10.2.1/../../../../arm-none-eabi/lib/thumb/v7e-m+fp/hard\libm.a(lib_a-wf_asin.o)
                0x08008754                asinf
 .text.atan2f   0x080087bc        0x4 c:/program files (x86)/gnu arm embedded toolchain/10 2020-q4-major/bin/../lib/gcc/arm-none-eabi/10.2.1/../../../../arm-none-eabi/lib/thumb/v7e-m+fp/hard\libm.a(lib_a-wf_atan2.o)
                0x080087bc                atan2f
 .text.sqrtf    0x080087c0       0x50 c:/program files (x86)/gnu arm embedded toolchain/10 2020-q4-major/bin/../lib/gcc/arm-none-eabi/10.2.1/../../../../arm-none-eabi/lib/thumb/v7e-m+fp/hard\libm.a(lib_a-wf_sqrt.o)
                0x080087c0                sqrtf
 .text.__ieee754_pow
                0x08008810      0xb34 c:/program files (x86)/gnu arm embedded toolchain/10 2020-q4-major/bin/../lib/gcc/arm-none-eabi/10.2.1/../../../../arm-none-eabi/lib/thumb/v7e-m+fp/hard\libm.a(lib_a-e_pow.o)
                0x08008810                __ieee754_pow
 .text.__ieee754_sqrt
                0x08009344      0x198 c:/program files (x86)/gnu arm embedded toolchain/10 2020-q4-major/bin/../lib/gcc/arm-none-eabi/10.2.1/../../../../arm-none-eabi/lib/thumb/v7e-m+fp/hard\libm.a(lib_a-e_sqrt.o)
                0x08009344                __ieee754_sqrt
 .text.__ieee754_asinf
                0x080094dc      0x20c c:/program files (x86)/gnu arm embedded toolchain/10 2020-q4-major/bin/../lib/gcc/arm-none-eabi/10.2.1/../../../../arm-none-eabi/lib/thumb/v7e-m+fp/hard\libm.a(lib_a-ef_asin.o)
                0x080094dc                __ieee754_asinf
 .text.__ieee754_atan2f
                0x080096e8      0x150 c:/program files (x86)/gnu arm embedded toolchain/10 2020-q4-major/bin/../lib/gcc/arm-none-eabi/10.2.1/../../../../arm-none-eabi/lib/thumb/v7e-m+fp/hard\libm.a(lib_a-ef_atan2.o)
                0x080096e8                __ieee754_atan2f
 .text.__ieee754_rem_pio2f
                0x08009838      0x264 c:/program files (x86)/gnu arm embedded toolchain/10 2020-q4-major/bin/../lib/gcc/arm-none-eabi/10.2.1/../../../../arm-none-eabi/lib/thumb/v7e-m+fp/hard\libm.a(lib_a-ef_rem_pio2.o)
                0x08009838                __ieee754_rem_pio2f
 .text.__ieee754_sqrtf
                0x08009a9c        0x8 c:/program files (x86)/gnu arm embedded toolchain/10 2020-q4-major/bin/../lib/gcc/arm-none-eabi/10.2.1/../../../../arm-none-eabi/lib/thumb/v7e-m+fp/hard\libm.a(lib_a-ef_sqrt.o)
                0x08009a9c                __ieee754_sqrtf
 .text.__kernel_cosf
                0x08009aa4      0x104 c:/program files (x86)/gnu arm embedded toolchain/10 2020-q4-major/bin/../lib/gcc/arm-none-eabi/10.2.1/../../../../arm-none-eabi/lib/thumb/v7e-m+fp/hard\libm.a(lib_a-kf_cos.o)
                0x08009aa4                __kernel_cosf
 .text.__kernel_rem_pio2f
                0x08009ba8      0x674 c:/program files (x86)/gnu arm embedded toolchain/10 2020-q4-major/bin/../lib/gcc/arm-none-eabi/10.2.1/../../../../arm-none-eabi/lib/thumb/v7e-m+fp/hard\libm.a(lib_a-kf_rem_pio2.o)
                0x08009ba8                __kernel_rem_pio2f
 .text.__kernel_sinf
                0x0800a21c       0x90 c:/program files (x86)/gnu arm embedded toolchain/10 2020-q4-major/bin/../lib/gcc/arm-none-eabi/10.2.1/../../../../arm-none-eabi/lib/thumb/v7e-m+fp/hard\libm.a(lib_a-kf_sin.o)
                0x0800a21c                __kernel_sinf
 .text.__kernel_tanf
                0x0800a2ac      0x1c0 c:/program files (x86)/gnu arm embedded toolchain/10 2020-q4-major/bin/../lib/gcc/arm-none-eabi/10.2.1/../../../../arm-none-eabi/lib/thumb/v7e-m+fp/hard\libm.a(lib_a-kf_tan.o)
                0x0800a2ac                __kernel_tanf
 .text.fabs     0x0800a46c       0x14 c:/program files (x86)/gnu arm embedded toolchain/10 2020-q4-major/bin/../lib/gcc/arm-none-eabi/10.2.1/../../../../arm-none-eabi/lib/thumb/v7e-m+fp/hard\libm.a(lib_a-s_fabs.o)
                0x0800a46c                fabs
 .text.finite   0x0800a480       0x18 c:/program files (x86)/gnu arm embedded toolchain/10 2020-q4-major/bin/../lib/gcc/arm-none-eabi/10.2.1/../../../../arm-none-eabi/lib/thumb/v7e-m+fp/hard\libm.a(lib_a-s_finite.o)
                0x0800a480                finite
 .text.nan      0x0800a498       0x10 c:/program files (x86)/gnu arm embedded toolchain/10 2020-q4-major/bin/../lib/gcc/arm-none-eabi/10.2.1/../../../../arm-none-eabi/lib/thumb/v7e-m+fp/hard\libm.a(lib_a-s_nan.o)
                0x0800a498                nan
 .text.rint     0x0800a4a8      0x134 c:/program files (x86)/gnu arm embedded toolchain/10 2020-q4-major/bin/../lib/gcc/arm-none-eabi/10.2.1/../../../../arm-none-eabi/lib/thumb/v7e-m+fp/hard\libm.a(lib_a-s_rint.o)
                0x0800a4a8                rint
 *fill*         0x0800a5dc        0x4 
 .text.scalbn   0x0800a5e0      0x124 c:/program files (x86)/gnu arm embedded toolchain/10 2020-q4-major/bin/../lib/gcc/arm-none-eabi/10.2.1/../../../../arm-none-eabi/lib/thumb/v7e-m+fp/hard\libm.a(lib_a-s_scalbn.o)
                0x0800a5e0                scalbn
 .text.floorf   0x0800a704       0x8c c:/program files (x86)/gnu arm embedded toolchain/10 2020-q4-major/bin/../lib/gcc/arm-none-eabi/10.2.1/../../../../arm-none-eabi/lib/thumb/v7e-m+fp/hard\libm.a(lib_a-sf_floor.o)
                0x0800a704                floorf
 .text.nanf     0x0800a790        0xc c:/program files (x86)/gnu arm embedded toolchain/10 2020-q4-major/bin/../lib/gcc/arm-none-eabi/10.2.1/../../../../arm-none-eabi/lib/thumb/v7e-m+fp/hard\libm.a(lib_a-sf_nan.o)
                0x0800a790                nanf
 .text.scalbnf  0x0800a79c       0xe4 c:/program files (x86)/gnu arm embedded toolchain/10 2020-q4-major/bin/../lib/gcc/arm-none-eabi/10.2.1/../../../../arm-none-eabi/lib/thumb/v7e-m+fp/hard\libm.a(lib_a-sf_scalbn.o)
                0x0800a79c                scalbnf
 .text._sbrk    0x0800a880       0x1c c:/program files (x86)/gnu arm embedded toolchain/10 2020-q4-major/bin/../lib/gcc/arm-none-eabi/10.2.1/../../../../arm-none-eabi/lib/thumb/v7e-m+fp/hard\libnosys.a(sbrk.o)
                0x0800a880                _sbrk
 .text.__errno  0x0800a89c        0xc c:/program files (x86)/gnu arm embedded toolchain/10 2020-q4-major/bin/../lib/gcc/arm-none-eabi/10.2.1/../../../../arm-none-eabi/lib/thumb/v7e-m+fp/hard\libc.a(lib_a-errno.o)
                0x0800a89c                __errno
 *(.glue_7)
 .glue_7        0x0800a8a8        0x0 linker stubs
 *(.glue_7t)
 .glue_7t       0x0800a8a8        0x0 linker stubs
 *(.eh_frame)
 .eh_frame      0x0800a8a8        0x0 c:/program files (x86)/gnu arm embedded toolchain/10 2020-q4-major/bin/../lib/gcc/arm-none-eabi/10.2.1/thumb/v7e-m+fp/hard/crtbegin.o
 *(.init)
 .init          0x0800a8a8        0x4 c:/program files (x86)/gnu arm embedded toolchain/10 2020-q4-major/bin/../lib/gcc/arm-none-eabi/10.2.1/thumb/v7e-m+fp/hard/crti.o
                0x0800a8a8                _init
 .init          0x0800a8ac        0x8 c:/program files (x86)/gnu arm embedded toolchain/10 2020-q4-major/bin/../lib/gcc/arm-none-eabi/10.2.1/thumb/v7e-m+fp/hard/crtn.o
 *(.fini)
 .fini          0x0800a8b4        0x4 c:/program files (x86)/gnu arm embedded toolchain/10 2020-q4-major/bin/../lib/gcc/arm-none-eabi/10.2.1/thumb/v7e-m+fp/hard/crti.o
                0x0800a8b4                _fini
 .fini          0x0800a8b8        0x8 c:/program files (x86)/gnu arm embedded toolchain/10 2020-q4-major/bin/../lib/gcc/arm-none-eabi/10.2.1/thumb/v7e-m+fp/hard/crtn.o
                0x0800a8c0                . = ALIGN (0x4)
                0x0800a8c0                _etext = .

.vfp11_veneer   0x0800a8c0        0x0
 .vfp11_veneer  0x0800a8c0        0x0 linker stubs

.v4_bx          0x0800a8c0        0x0
 .v4_bx         0x0800a8c0        0x0 linker stubs

.iplt           0x0800a8c0        0x0
 .iplt          0x0800a8c0        0x0 c:/program files (x86)/gnu arm embedded toolchain/10 2020-q4-major/bin/../lib/gcc/arm-none-eabi/10.2.1/thumb/v7e-m+fp/hard/crtbegin.o

.rodata         0x0800a8c0      0x480
                0x0800a8c0                . = ALIGN (0x4)
 *(.rodata)
 *(.rodata*)
 .rodata.AHBPrescTable
                0x0800a8c0       0x10 Build/system_stm32f4xx.o
                0x0800a8c0                AHBPrescTable
 .rodata.APBPrescTable
                0x0800a8d0        0x8 Build/system_stm32f4xx.o
                0x0800a8d0                APBPrescTable
 .rodata.USBD_FS_ProductStrDescriptor.str1.4
                0x0800a8d8       0x16 Build/usbd_desc.o
 *fill*         0x0800a8ee        0x2 
 .rodata.USBD_FS_ManufacturerStrDescriptor.str1.4
                0x0800a8f0       0x13 Build/usbd_desc.o
 *fill*         0x0800a903        0x1 
 .rodata.USBD_FS_ConfigStrDescriptor.str1.4
                0x0800a904        0xb Build/usbd_desc.o
 *fill*         0x0800a90f        0x1 
 .rodata.USBD_FS_InterfaceStrDescriptor.str1.4
                0x0800a910        0xe Build/usbd_desc.o
 *fill*         0x0800a91e        0x2 
 .rodata._global_impure_ptr
                0x0800a920        0x4 c:/program files (x86)/gnu arm embedded toolchain/10 2020-q4-major/bin/../lib/gcc/arm-none-eabi/10.2.1/../../../../arm-none-eabi/lib/thumb/v7e-m+fp/hard\libc.a(lib_a-impure.o)
                0x0800a920                _global_impure_ptr
 .rodata.atanhi
                0x0800a924       0x10 c:/program files (x86)/gnu arm embedded toolchain/10 2020-q4-major/bin/../lib/gcc/arm-none-eabi/10.2.1/../../../../arm-none-eabi/lib/thumb/v7e-m+fp/hard\libm.a(lib_a-sf_atan.o)
 .rodata.atanlo
                0x0800a934       0x10 c:/program files (x86)/gnu arm embedded toolchain/10 2020-q4-major/bin/../lib/gcc/arm-none-eabi/10.2.1/../../../../arm-none-eabi/lib/thumb/v7e-m+fp/hard\libm.a(lib_a-sf_atan.o)
 .rodata.asinf.str1.4
                0x0800a944        0x1 c:/program files (x86)/gnu arm embedded toolchain/10 2020-q4-major/bin/../lib/gcc/arm-none-eabi/10.2.1/../../../../arm-none-eabi/lib/thumb/v7e-m+fp/hard\libm.a(lib_a-wf_asin.o)
 .rodata.__ieee754_pow.str1.4
                0x0800a945        0x1 c:/program files (x86)/gnu arm embedded toolchain/10 2020-q4-major/bin/../lib/gcc/arm-none-eabi/10.2.1/../../../../arm-none-eabi/lib/thumb/v7e-m+fp/hard\libm.a(lib_a-e_pow.o)
 *fill*         0x0800a945        0x3 
 .rodata.CSWTCH.8
                0x0800a948        0xc c:/program files (x86)/gnu arm embedded toolchain/10 2020-q4-major/bin/../lib/gcc/arm-none-eabi/10.2.1/../../../../arm-none-eabi/lib/thumb/v7e-m+fp/hard\libm.a(lib_a-ef_atan2.o)
 .rodata.CSWTCH.9
                0x0800a954        0xc c:/program files (x86)/gnu arm embedded toolchain/10 2020-q4-major/bin/../lib/gcc/arm-none-eabi/10.2.1/../../../../arm-none-eabi/lib/thumb/v7e-m+fp/hard\libm.a(lib_a-ef_atan2.o)
 .rodata.npio2_hw
                0x0800a960       0x80 c:/program files (x86)/gnu arm embedded toolchain/10 2020-q4-major/bin/../lib/gcc/arm-none-eabi/10.2.1/../../../../arm-none-eabi/lib/thumb/v7e-m+fp/hard\libm.a(lib_a-ef_rem_pio2.o)
 .rodata.two_over_pi
                0x0800a9e0      0x318 c:/program files (x86)/gnu arm embedded toolchain/10 2020-q4-major/bin/../lib/gcc/arm-none-eabi/10.2.1/../../../../arm-none-eabi/lib/thumb/v7e-m+fp/hard\libm.a(lib_a-ef_rem_pio2.o)
 .rodata.PIo2   0x0800acf8       0x2c c:/program files (x86)/gnu arm embedded toolchain/10 2020-q4-major/bin/../lib/gcc/arm-none-eabi/10.2.1/../../../../arm-none-eabi/lib/thumb/v7e-m+fp/hard\libm.a(lib_a-kf_rem_pio2.o)
 .rodata.init_jk
                0x0800ad24        0xc c:/program files (x86)/gnu arm embedded toolchain/10 2020-q4-major/bin/../lib/gcc/arm-none-eabi/10.2.1/../../../../arm-none-eabi/lib/thumb/v7e-m+fp/hard\libm.a(lib_a-kf_rem_pio2.o)
 .rodata.TWO52  0x0800ad30       0x10 c:/program files (x86)/gnu arm embedded toolchain/10 2020-q4-major/bin/../lib/gcc/arm-none-eabi/10.2.1/../../../../arm-none-eabi/lib/thumb/v7e-m+fp/hard\libm.a(lib_a-s_rint.o)
                0x0800ad40                . = ALIGN (0x4)

.ARM.extab
 *(.ARM.extab* .gnu.linkonce.armextab.*)

.ARM            0x0800ad40        0x8
                0x0800ad40                __exidx_start = .
 *(.ARM.exidx*)
 .ARM.exidx.text.startup._GLOBAL__sub_I__ZN9__gnu_cxx9__freeresEv
                0x0800ad48        0x0 c:/program files (x86)/gnu arm embedded toolchain/10 2020-q4-major/bin/../lib/gcc/arm-none-eabi/10.2.1/../../../../arm-none-eabi/lib/thumb/v7e-m+fp/hard\libsupc++.a(eh_alloc.o)
                                  0x8 (size before relaxing)
 .ARM.exidx     0x0800ad40        0x8 c:/program files (x86)/gnu arm embedded toolchain/10 2020-q4-major/bin/../lib/gcc/arm-none-eabi/10.2.1/thumb/v7e-m+fp/hard\libgcc.a(_udivmoddi4.o)
                0x0800ad48                __exidx_end = .

.rel.dyn        0x0800ad48        0x0
 .rel.iplt      0x0800ad48        0x0 c:/program files (x86)/gnu arm embedded toolchain/10 2020-q4-major/bin/../lib/gcc/arm-none-eabi/10.2.1/thumb/v7e-m+fp/hard/crtbegin.o

.preinit_array  0x0800ad48        0x0
                0x0800ad48                PROVIDE (__preinit_array_start = .)
 *(.preinit_array*)
                0x0800ad48                PROVIDE (__preinit_array_end = .)

.init_array     0x0800ad48        0xc
                0x0800ad48                PROVIDE (__init_array_start = .)
 *(SORT_BY_NAME(.init_array.*))
 .init_array.00000
                0x0800ad48        0x4 c:/program files (x86)/gnu arm embedded toolchain/10 2020-q4-major/bin/../lib/gcc/arm-none-eabi/10.2.1/../../../../arm-none-eabi/lib/thumb/v7e-m+fp/hard\libc.a(lib_a-__call_atexit.o)
 *(.init_array*)
 .init_array    0x0800ad4c        0x4 c:/program files (x86)/gnu arm embedded toolchain/10 2020-q4-major/bin/../lib/gcc/arm-none-eabi/10.2.1/thumb/v7e-m+fp/hard/crtbegin.o
 .init_array    0x0800ad50        0x4 c:/program files (x86)/gnu arm embedded toolchain/10 2020-q4-major/bin/../lib/gcc/arm-none-eabi/10.2.1/../../../../arm-none-eabi/lib/thumb/v7e-m+fp/hard\libsupc++.a(eh_alloc.o)
                0x0800ad54                PROVIDE (__init_array_end = .)

.fini_array     0x0800ad54        0x4
                0x0800ad54                PROVIDE (__fini_array_start = .)
 *(SORT_BY_NAME(.fini_array.*))
 *(.fini_array*)
 .fini_array    0x0800ad54        0x4 c:/program files (x86)/gnu arm embedded toolchain/10 2020-q4-major/bin/../lib/gcc/arm-none-eabi/10.2.1/thumb/v7e-m+fp/hard/crtbegin.o
                0x0800ad58                PROVIDE (__fini_array_end = .)
                0x0800ad58                _sidata = LOADADDR (.data)

.data           0x20000000      0x9c8 load address 0x0800ad58
                0x20000000                . = ALIGN (0x4)
                0x20000000                _sdata = .
 *(.data)
 *(.data*)
 .data.SystemCoreClock
                0x20000000        0x4 Build/system_stm32f4xx.o
                0x20000000                SystemCoreClock
 .data.FS_Desc  0x20000004       0x1c Build/usbd_desc.o
                0x20000004                FS_Desc
 .data.USBD_FS_DeviceDesc
                0x20000020       0x12 Build/usbd_desc.o
                0x20000020                USBD_FS_DeviceDesc
 *fill*         0x20000032        0x2 
 .data.USBD_LangIDDesc
                0x20000034        0x4 Build/usbd_desc.o
                0x20000034                USBD_LangIDDesc
 .data.USBD_StringSerial
                0x20000038       0x1a Build/usbd_desc.o
                0x20000038                USBD_StringSerial
 *fill*         0x20000052        0x2 
 .data.USBD_Interface_fops_FS
                0x20000054       0x14 Build/usbd_cdc_if.o
                0x20000054                USBD_Interface_fops_FS
 .data.uwTickFreq
                0x20000068        0x1 Build/stm32f4xx_hal.o
                0x20000068                uwTickFreq
 *fill*         0x20000069        0x3 
 .data.uwTickPrio
                0x2000006c        0x4 Build/stm32f4xx_hal.o
                0x2000006c                uwTickPrio
 .data.USBD_CDC
                0x20000070       0x38 Build/usbd_cdc.o
                0x20000070                USBD_CDC
 .data.USBD_CDC_CfgFSDesc
                0x200000a8       0x43 Build/usbd_cdc.o
 *fill*         0x200000eb        0x1 
 .data.USBD_CDC_CfgHSDesc
                0x200000ec       0x43 Build/usbd_cdc.o
 *fill*         0x2000012f        0x1 
 .data.USBD_CDC_DeviceQualifierDesc
                0x20000130        0xa Build/usbd_cdc.o
 *fill*         0x2000013a        0x2 
 .data.USBD_CDC_OtherSpeedCfgDesc
                0x2000013c       0x43 Build/usbd_cdc.o
 *fill*         0x2000017f        0x1 
 .data._impure_ptr
                0x20000180        0x4 c:/program files (x86)/gnu arm embedded toolchain/10 2020-q4-major/bin/../lib/gcc/arm-none-eabi/10.2.1/../../../../arm-none-eabi/lib/thumb/v7e-m+fp/hard\libc.a(lib_a-impure.o)
                0x20000180                _impure_ptr
 *fill*         0x20000184        0x4 
 .data.impure_data
                0x20000188      0x428 c:/program files (x86)/gnu arm embedded toolchain/10 2020-q4-major/bin/../lib/gcc/arm-none-eabi/10.2.1/../../../../arm-none-eabi/lib/thumb/v7e-m+fp/hard\libc.a(lib_a-impure.o)
 .data.__malloc_av_
                0x200005b0      0x408 c:/program files (x86)/gnu arm embedded toolchain/10 2020-q4-major/bin/../lib/gcc/arm-none-eabi/10.2.1/../../../../arm-none-eabi/lib/thumb/v7e-m+fp/hard\libc.a(lib_a-mallocr.o)
                0x200005b0                __malloc_av_
 .data.__malloc_sbrk_base
                0x200009b8        0x4 c:/program files (x86)/gnu arm embedded toolchain/10 2020-q4-major/bin/../lib/gcc/arm-none-eabi/10.2.1/../../../../arm-none-eabi/lib/thumb/v7e-m+fp/hard\libc.a(lib_a-mallocr.o)
                0x200009b8                __malloc_sbrk_base
 .data.__malloc_trim_threshold
                0x200009bc        0x4 c:/program files (x86)/gnu arm embedded toolchain/10 2020-q4-major/bin/../lib/gcc/arm-none-eabi/10.2.1/../../../../arm-none-eabi/lib/thumb/v7e-m+fp/hard\libc.a(lib_a-mallocr.o)
                0x200009bc                __malloc_trim_threshold
 .data.__atexit_recursive_mutex
                0x200009c0        0x4 c:/program files (x86)/gnu arm embedded toolchain/10 2020-q4-major/bin/../lib/gcc/arm-none-eabi/10.2.1/../../../../arm-none-eabi/lib/thumb/v7e-m+fp/hard\libc.a(lib_a-__call_atexit.o)
                0x200009c0                __atexit_recursive_mutex
 .data.__fdlib_version
                0x200009c4        0x1 c:/program files (x86)/gnu arm embedded toolchain/10 2020-q4-major/bin/../lib/gcc/arm-none-eabi/10.2.1/../../../../arm-none-eabi/lib/thumb/v7e-m+fp/hard\libm.a(lib_a-s_lib_ver.o)
                0x200009c4                __fdlib_version
                0x200009c8                . = ALIGN (0x4)
 *fill*         0x200009c5        0x3 
                0x200009c8                _edata = .
                0x0800b720                _siccmram = LOADADDR (.ccmram)

.igot.plt       0x200009c8        0x0 load address 0x0800b720
 .igot.plt      0x200009c8        0x0 c:/program files (x86)/gnu arm embedded toolchain/10 2020-q4-major/bin/../lib/gcc/arm-none-eabi/10.2.1/thumb/v7e-m+fp/hard/crtbegin.o

.ccmram         0x10000000        0x0 load address 0x0800b720
                0x10000000                . = ALIGN (0x4)
                0x10000000                _sccmram = .
 *(.ccmram)
 *(.ccmram*)
                0x10000000                . = ALIGN (0x4)
                0x10000000                _eccmram = .
                0x10000000                . = ALIGN (0x4)

.bss            0x200009c8     0x1e80
                0x200009c8                _sbss = .
                0x200009c8                __bss_start__ = _sbss
 *(.bss)
 .bss           0x200009c8       0x1c c:/program files (x86)/gnu arm embedded toolchain/10 2020-q4-major/bin/../lib/gcc/arm-none-eabi/10.2.1/thumb/v7e-m+fp/hard/crtbegin.o
 *(.bss*)
 .bss.Mx        0x200009e4        0x4 Build/main.o
                0x200009e4                Mx
 .bss.My        0x200009e8        0x4 Build/main.o
                0x200009e8                My
 .bss.Mz        0x200009ec        0x4 Build/main.o
                0x200009ec                Mz
 .bss.batt_volt
                0x200009f0        0x4 Build/main.o
                0x200009f0                batt_volt
 .bss.imu       0x200009f4       0x48 Build/main.o
                0x200009f4                imu
 .bss.pitch_controller
                0x20000a3c       0x40 Build/main.o
                0x20000a3c                pitch_controller
 .bss.pitch_filter
                0x20000a7c        0x8 Build/main.o
                0x20000a7c                pitch_filter
 .bss.pot_value
                0x20000a84        0x2 Build/main.o
                0x20000a84                pot_value
 *fill*         0x20000a86        0x2 
 .bss.roll_controller
                0x20000a88       0x40 Build/main.o
                0x20000a88                roll_controller
 .bss.roll_filter
                0x20000ac8        0x8 Build/main.o
                0x20000ac8                roll_filter
 .bss.thrust    0x20000ad0        0x4 Build/main.o
                0x20000ad0                thrust
 .bss.hadc1     0x20000ad4       0x48 Build/adc.o
                0x20000ad4                hadc1
 .bss.hi2c1     0x20000b1c       0x54 Build/i2c.o
                0x20000b1c                hi2c1
 .bss.hi2c2     0x20000b70       0x54 Build/i2c.o
                0x20000b70                hi2c2
 .bss.hspi1     0x20000bc4       0x58 Build/spi.o
                0x20000bc4                hspi1
 .bss.htim12    0x20000c1c       0x48 Build/tim.o
                0x20000c1c                htim12
 .bss.htim2     0x20000c64       0x48 Build/tim.o
                0x20000c64                htim2
 .bss.htim4     0x20000cac       0x48 Build/tim.o
                0x20000cac                htim4
 .bss.hUsbDeviceFS
                0x20000cf4      0x2d0 Build/usb_device.o
                0x20000cf4                hUsbDeviceFS
 .bss.USBD_StrDesc
                0x20000fc4      0x200 Build/usbd_desc.o
                0x20000fc4                USBD_StrDesc
 .bss.UserRxBufferFS
                0x200011c4      0x800 Build/usbd_cdc_if.o
                0x200011c4                UserRxBufferFS
 .bss.UserTxBufferFS
                0x200019c4      0x800 Build/usbd_cdc_if.o
                0x200019c4                UserTxBufferFS
 .bss.hpcd_USB_OTG_FS
                0x200021c4      0x408 Build/usbd_conf.o
                0x200021c4                hpcd_USB_OTG_FS
 .bss.mem.0     0x200025cc      0x220 Build/usbd_conf.o
 .bss.uwTick    0x200027ec        0x4 Build/stm32f4xx_hal.o
                0x200027ec                uwTick
 .bss.cfgidx.0  0x200027f0        0x1 Build/usbd_ctlreq.o
 *fill*         0x200027f1        0x3 
 .bss.__malloc_current_mallinfo
                0x200027f4       0x28 c:/program files (x86)/gnu arm embedded toolchain/10 2020-q4-major/bin/../lib/gcc/arm-none-eabi/10.2.1/../../../../arm-none-eabi/lib/thumb/v7e-m+fp/hard\libc.a(lib_a-mallocr.o)
                0x200027f4                __malloc_current_mallinfo
 .bss.__malloc_max_sbrked_mem
                0x2000281c        0x4 c:/program files (x86)/gnu arm embedded toolchain/10 2020-q4-major/bin/../lib/gcc/arm-none-eabi/10.2.1/../../../../arm-none-eabi/lib/thumb/v7e-m+fp/hard\libc.a(lib_a-mallocr.o)
                0x2000281c                __malloc_max_sbrked_mem
 .bss.__malloc_max_total_mem
                0x20002820        0x4 c:/program files (x86)/gnu arm embedded toolchain/10 2020-q4-major/bin/../lib/gcc/arm-none-eabi/10.2.1/../../../../arm-none-eabi/lib/thumb/v7e-m+fp/hard\libc.a(lib_a-mallocr.o)
                0x20002820                __malloc_max_total_mem
 .bss.__malloc_top_pad
                0x20002824        0x4 c:/program files (x86)/gnu arm embedded toolchain/10 2020-q4-major/bin/../lib/gcc/arm-none-eabi/10.2.1/../../../../arm-none-eabi/lib/thumb/v7e-m+fp/hard\libc.a(lib_a-mallocr.o)
                0x20002824                __malloc_top_pad
 .bss.__lock___atexit_recursive_mutex
                0x20002828        0x1 c:/program files (x86)/gnu arm embedded toolchain/10 2020-q4-major/bin/../lib/gcc/arm-none-eabi/10.2.1/../../../../arm-none-eabi/lib/thumb/v7e-m+fp/hard\libc.a(lib_a-lock.o)
                0x20002828                __lock___atexit_recursive_mutex
 *fill*         0x20002829        0x3 
 .bss.__lock___malloc_recursive_mutex
                0x2000282c        0x1 c:/program files (x86)/gnu arm embedded toolchain/10 2020-q4-major/bin/../lib/gcc/arm-none-eabi/10.2.1/../../../../arm-none-eabi/lib/thumb/v7e-m+fp/hard\libc.a(lib_a-lock.o)
                0x2000282c                __lock___malloc_recursive_mutex
 *fill*         0x2000282d        0x3 
 .bss.errno     0x20002830        0x4 c:/program files (x86)/gnu arm embedded toolchain/10 2020-q4-major/bin/../lib/gcc/arm-none-eabi/10.2.1/../../../../arm-none-eabi/lib/thumb/v7e-m+fp/hard\libc.a(lib_a-reent.o)
                0x20002830                errno
 .bss._ZN12_GLOBAL__N_114emergency_poolE
                0x20002834       0x10 c:/program files (x86)/gnu arm embedded toolchain/10 2020-q4-major/bin/../lib/gcc/arm-none-eabi/10.2.1/../../../../arm-none-eabi/lib/thumb/v7e-m+fp/hard\libsupc++.a(eh_alloc.o)
 .bss.heap_end.0
                0x20002844        0x4 c:/program files (x86)/gnu arm embedded toolchain/10 2020-q4-major/bin/../lib/gcc/arm-none-eabi/10.2.1/../../../../arm-none-eabi/lib/thumb/v7e-m+fp/hard\libnosys.a(sbrk.o)
 *(COMMON)
                0x20002848                . = ALIGN (0x4)
                0x20002848                _ebss = .
                0x20002848                __bss_end__ = _ebss

._user_heap_stack
                0x20002848     0x1000
                0x20002848                . = ALIGN (0x8)
                0x20002848                PROVIDE (end = .)
                [!provide]                PROVIDE (_end = .)
                0x20003048                . = (. + _Min_Heap_Size)
 *fill*         0x20002848      0x800 
                0x20003848                . = (. + _Min_Stack_Size)
 *fill*         0x20003048      0x800 
                0x20003848                . = ALIGN (0x8)

/DISCARD/
 libc.a(*)
 libm.a(*)
 libgcc.a(*)

.ARM.attributes
                0x00000000       0x30
 *(.ARM.attributes)
 .ARM.attributes
                0x00000000       0x1e c:/program files (x86)/gnu arm embedded toolchain/10 2020-q4-major/bin/../lib/gcc/arm-none-eabi/10.2.1/thumb/v7e-m+fp/hard/crti.o
 .ARM.attributes
                0x0000001e       0x34 c:/program files (x86)/gnu arm embedded toolchain/10 2020-q4-major/bin/../lib/gcc/arm-none-eabi/10.2.1/thumb/v7e-m+fp/hard/crtbegin.o
 .ARM.attributes
                0x00000052       0x34 Build/main.o
 .ARM.attributes
                0x00000086       0x34 Build/MPU9250.o
 .ARM.attributes
                0x000000ba       0x34 Build/NRF24L01.o
 .ARM.attributes
                0x000000ee       0x34 Build/COMPLEMENTARY.o
 .ARM.attributes
                0x00000122       0x34 Build/PID.o
 .ARM.attributes
                0x00000156       0x34 Build/adc.o
 .ARM.attributes
                0x0000018a       0x34 Build/gpio.o
 .ARM.attributes
                0x000001be       0x34 Build/i2c.o
 .ARM.attributes
                0x000001f2       0x34 Build/spi.o
 .ARM.attributes
                0x00000226       0x34 Build/tim.o
 .ARM.attributes
                0x0000025a       0x34 Build/stm32f4xx_it.o
 .ARM.attributes
                0x0000028e       0x34 Build/stm32f4xx_hal_msp.o
 .ARM.attributes
                0x000002c2       0x34 Build/system_stm32f4xx.o
 .ARM.attributes
                0x000002f6       0x34 Build/usb_device.o
 .ARM.attributes
                0x0000032a       0x34 Build/usbd_desc.o
 .ARM.attributes
                0x0000035e       0x34 Build/usbd_cdc_if.o
 .ARM.attributes
                0x00000392       0x34 Build/usbd_conf.o
 .ARM.attributes
                0x000003c6       0x34 Build/stm32f4xx_hal_pcd.o
 .ARM.attributes
                0x000003fa       0x34 Build/stm32f4xx_hal_pcd_ex.o
 .ARM.attributes
                0x0000042e       0x34 Build/stm32f4xx_ll_usb.o
 .ARM.attributes
                0x00000462       0x34 Build/stm32f4xx_hal_rcc.o
 .ARM.attributes
                0x00000496       0x34 Build/stm32f4xx_hal_gpio.o
 .ARM.attributes
                0x000004ca       0x34 Build/stm32f4xx_hal_cortex.o
 .ARM.attributes
                0x000004fe       0x34 Build/stm32f4xx_hal.o
 .ARM.attributes
                0x00000532       0x34 Build/stm32f4xx_hal_i2c.o
 .ARM.attributes
                0x00000566       0x34 Build/stm32f4xx_hal_spi.o
 .ARM.attributes
                0x0000059a       0x34 Build/stm32f4xx_hal_tim.o
 .ARM.attributes
                0x000005ce       0x34 Build/stm32f4xx_hal_tim_ex.o
 .ARM.attributes
                0x00000602       0x34 Build/usbd_core.o
 .ARM.attributes
                0x00000636       0x34 Build/usbd_ctlreq.o
 .ARM.attributes
                0x0000066a       0x34 Build/usbd_ioreq.o
 .ARM.attributes
                0x0000069e       0x34 Build/usbd_cdc.o
 .ARM.attributes
                0x000006d2       0x34 Build/stm32f4xx_hal_adc.o
 .ARM.attributes
                0x00000706       0x21 Build/startup_stm32f405xx.o
 .ARM.attributes
                0x00000727       0x32 c:/program files (x86)/gnu arm embedded toolchain/10 2020-q4-major/bin/../lib/gcc/arm-none-eabi/10.2.1/../../../../arm-none-eabi/lib/thumb/v7e-m+fp/hard\libc.a(lib_a-impure.o)
 .ARM.attributes
                0x00000759       0x34 c:/program files (x86)/gnu arm embedded toolchain/10 2020-q4-major/bin/../lib/gcc/arm-none-eabi/10.2.1/../../../../arm-none-eabi/lib/thumb/v7e-m+fp/hard\libc.a(lib_a-init.o)
 .ARM.attributes
                0x0000078d       0x34 c:/program files (x86)/gnu arm embedded toolchain/10 2020-q4-major/bin/../lib/gcc/arm-none-eabi/10.2.1/../../../../arm-none-eabi/lib/thumb/v7e-m+fp/hard\libc.a(lib_a-malloc.o)
 .ARM.attributes
                0x000007c1       0x34 c:/program files (x86)/gnu arm embedded toolchain/10 2020-q4-major/bin/../lib/gcc/arm-none-eabi/10.2.1/../../../../arm-none-eabi/lib/thumb/v7e-m+fp/hard\libc.a(lib_a-mallocr.o)
 .ARM.attributes
                0x000007f5       0x34 c:/program files (x86)/gnu arm embedded toolchain/10 2020-q4-major/bin/../lib/gcc/arm-none-eabi/10.2.1/../../../../arm-none-eabi/lib/thumb/v7e-m+fp/hard\libc.a(lib_a-memset.o)
 .ARM.attributes
                0x00000829       0x34 c:/program files (x86)/gnu arm embedded toolchain/10 2020-q4-major/bin/../lib/gcc/arm-none-eabi/10.2.1/../../../../arm-none-eabi/lib/thumb/v7e-m+fp/hard\libc.a(lib_a-mlock.o)
 .ARM.attributes
                0x0000085d       0x34 c:/program files (x86)/gnu arm embedded toolchain/10 2020-q4-major/bin/../lib/gcc/arm-none-eabi/10.2.1/../../../../arm-none-eabi/lib/thumb/v7e-m+fp/hard\libc.a(lib_a-sbrkr.o)
 .ARM.attributes
                0x00000891       0x34 c:/program files (x86)/gnu arm embedded toolchain/10 2020-q4-major/bin/../lib/gcc/arm-none-eabi/10.2.1/../../../../arm-none-eabi/lib/thumb/v7e-m+fp/hard\libc.a(lib_a-__call_atexit.o)
 .ARM.attributes
                0x000008c5       0x34 c:/program files (x86)/gnu arm embedded toolchain/10 2020-q4-major/bin/../lib/gcc/arm-none-eabi/10.2.1/../../../../arm-none-eabi/lib/thumb/v7e-m+fp/hard\libc.a(lib_a-atexit.o)
 .ARM.attributes
                0x000008f9       0x34 c:/program files (x86)/gnu arm embedded toolchain/10 2020-q4-major/bin/../lib/gcc/arm-none-eabi/10.2.1/../../../../arm-none-eabi/lib/thumb/v7e-m+fp/hard\libc.a(lib_a-fini.o)
 .ARM.attributes
                0x0000092d       0x34 c:/program files (x86)/gnu arm embedded toolchain/10 2020-q4-major/bin/../lib/gcc/arm-none-eabi/10.2.1/../../../../arm-none-eabi/lib/thumb/v7e-m+fp/hard\libc.a(lib_a-freer.o)
 .ARM.attributes
                0x00000961       0x34 c:/program files (x86)/gnu arm embedded toolchain/10 2020-q4-major/bin/../lib/gcc/arm-none-eabi/10.2.1/../../../../arm-none-eabi/lib/thumb/v7e-m+fp/hard\libc.a(lib_a-lock.o)
 .ARM.attributes
                0x00000995       0x34 c:/program files (x86)/gnu arm embedded toolchain/10 2020-q4-major/bin/../lib/gcc/arm-none-eabi/10.2.1/../../../../arm-none-eabi/lib/thumb/v7e-m+fp/hard\libc.a(lib_a-reent.o)
 .ARM.attributes
                0x000009c9       0x34 c:/program files (x86)/gnu arm embedded toolchain/10 2020-q4-major/bin/../lib/gcc/arm-none-eabi/10.2.1/../../../../arm-none-eabi/lib/thumb/v7e-m+fp/hard\libc.a(lib_a-__atexit.o)
 .ARM.attributes
                0x000009fd       0x34 c:/program files (x86)/gnu arm embedded toolchain/10 2020-q4-major/bin/../lib/gcc/arm-none-eabi/10.2.1/../../../../arm-none-eabi/lib/thumb/v7e-m+fp/hard\libsupc++.a(eh_alloc.o)
 .ARM.attributes
                0x00000a31       0x34 c:/program files (x86)/gnu arm embedded toolchain/10 2020-q4-major/bin/../lib/gcc/arm-none-eabi/10.2.1/../../../../arm-none-eabi/lib/thumb/v7e-m+fp/hard\libm.a(lib_a-sf_atan.o)
 .ARM.attributes
                0x00000a65       0x34 c:/program files (x86)/gnu arm embedded toolchain/10 2020-q4-major/bin/../lib/gcc/arm-none-eabi/10.2.1/../../../../arm-none-eabi/lib/thumb/v7e-m+fp/hard\libm.a(lib_a-sf_cos.o)
 .ARM.attributes
                0x00000a99       0x34 c:/program files (x86)/gnu arm embedded toolchain/10 2020-q4-major/bin/../lib/gcc/arm-none-eabi/10.2.1/../../../../arm-none-eabi/lib/thumb/v7e-m+fp/hard\libm.a(lib_a-sf_fabs.o)
 .ARM.attributes
                0x00000acd       0x34 c:/program files (x86)/gnu arm embedded toolchain/10 2020-q4-major/bin/../lib/gcc/arm-none-eabi/10.2.1/../../../../arm-none-eabi/lib/thumb/v7e-m+fp/hard\libm.a(lib_a-sf_sin.o)
 .ARM.attributes
                0x00000b01       0x34 c:/program files (x86)/gnu arm embedded toolchain/10 2020-q4-major/bin/../lib/gcc/arm-none-eabi/10.2.1/../../../../arm-none-eabi/lib/thumb/v7e-m+fp/hard\libm.a(lib_a-sf_tan.o)
 .ARM.attributes
                0x00000b35       0x34 c:/program files (x86)/gnu arm embedded toolchain/10 2020-q4-major/bin/../lib/gcc/arm-none-eabi/10.2.1/../../../../arm-none-eabi/lib/thumb/v7e-m+fp/hard\libm.a(lib_a-w_pow.o)
 .ARM.attributes
                0x00000b69       0x34 c:/program files (x86)/gnu arm embedded toolchain/10 2020-q4-major/bin/../lib/gcc/arm-none-eabi/10.2.1/../../../../arm-none-eabi/lib/thumb/v7e-m+fp/hard\libm.a(lib_a-wf_asin.o)
 .ARM.attributes
                0x00000b9d       0x34 c:/program files (x86)/gnu arm embedded toolchain/10 2020-q4-major/bin/../lib/gcc/arm-none-eabi/10.2.1/../../../../arm-none-eabi/lib/thumb/v7e-m+fp/hard\libm.a(lib_a-wf_atan2.o)
 .ARM.attributes
                0x00000bd1       0x34 c:/program files (x86)/gnu arm embedded toolchain/10 2020-q4-major/bin/../lib/gcc/arm-none-eabi/10.2.1/../../../../arm-none-eabi/lib/thumb/v7e-m+fp/hard\libm.a(lib_a-wf_sqrt.o)
 .ARM.attributes
                0x00000c05       0x34 c:/program files (x86)/gnu arm embedded toolchain/10 2020-q4-major/bin/../lib/gcc/arm-none-eabi/10.2.1/../../../../arm-none-eabi/lib/thumb/v7e-m+fp/hard\libm.a(lib_a-e_pow.o)
 .ARM.attributes
                0x00000c39       0x34 c:/program files (x86)/gnu arm embedded toolchain/10 2020-q4-major/bin/../lib/gcc/arm-none-eabi/10.2.1/../../../../arm-none-eabi/lib/thumb/v7e-m+fp/hard\libm.a(lib_a-e_sqrt.o)
 .ARM.attributes
                0x00000c6d       0x34 c:/program files (x86)/gnu arm embedded toolchain/10 2020-q4-major/bin/../lib/gcc/arm-none-eabi/10.2.1/../../../../arm-none-eabi/lib/thumb/v7e-m+fp/hard\libm.a(lib_a-ef_asin.o)
 .ARM.attributes
                0x00000ca1       0x34 c:/program files (x86)/gnu arm embedded toolchain/10 2020-q4-major/bin/../lib/gcc/arm-none-eabi/10.2.1/../../../../arm-none-eabi/lib/thumb/v7e-m+fp/hard\libm.a(lib_a-ef_atan2.o)
 .ARM.attributes
                0x00000cd5       0x34 c:/program files (x86)/gnu arm embedded toolchain/10 2020-q4-major/bin/../lib/gcc/arm-none-eabi/10.2.1/../../../../arm-none-eabi/lib/thumb/v7e-m+fp/hard\libm.a(lib_a-ef_rem_pio2.o)
 .ARM.attributes
                0x00000d09       0x34 c:/program files (x86)/gnu arm embedded toolchain/10 2020-q4-major/bin/../lib/gcc/arm-none-eabi/10.2.1/../../../../arm-none-eabi/lib/thumb/v7e-m+fp/hard\libm.a(lib_a-ef_sqrt.o)
 .ARM.attributes
                0x00000d3d       0x34 c:/program files (x86)/gnu arm embedded toolchain/10 2020-q4-major/bin/../lib/gcc/arm-none-eabi/10.2.1/../../../../arm-none-eabi/lib/thumb/v7e-m+fp/hard\libm.a(lib_a-kf_cos.o)
 .ARM.attributes
                0x00000d71       0x34 c:/program files (x86)/gnu arm embedded toolchain/10 2020-q4-major/bin/../lib/gcc/arm-none-eabi/10.2.1/../../../../arm-none-eabi/lib/thumb/v7e-m+fp/hard\libm.a(lib_a-kf_rem_pio2.o)
 .ARM.attributes
                0x00000da5       0x34 c:/program files (x86)/gnu arm embedded toolchain/10 2020-q4-major/bin/../lib/gcc/arm-none-eabi/10.2.1/../../../../arm-none-eabi/lib/thumb/v7e-m+fp/hard\libm.a(lib_a-kf_sin.o)
 .ARM.attributes
                0x00000dd9       0x34 c:/program files (x86)/gnu arm embedded toolchain/10 2020-q4-major/bin/../lib/gcc/arm-none-eabi/10.2.1/../../../../arm-none-eabi/lib/thumb/v7e-m+fp/hard\libm.a(lib_a-kf_tan.o)
 .ARM.attributes
                0x00000e0d       0x34 c:/program files (x86)/gnu arm embedded toolchain/10 2020-q4-major/bin/../lib/gcc/arm-none-eabi/10.2.1/../../../../arm-none-eabi/lib/thumb/v7e-m+fp/hard\libm.a(lib_a-s_fabs.o)
 .ARM.attributes
                0x00000e41       0x34 c:/program files (x86)/gnu arm embedded toolchain/10 2020-q4-major/bin/../lib/gcc/arm-none-eabi/10.2.1/../../../../arm-none-eabi/lib/thumb/v7e-m+fp/hard\libm.a(lib_a-s_finite.o)
 .ARM.attributes
                0x00000e75       0x32 c:/program files (x86)/gnu arm embedded toolchain/10 2020-q4-major/bin/../lib/gcc/arm-none-eabi/10.2.1/../../../../arm-none-eabi/lib/thumb/v7e-m+fp/hard\libm.a(lib_a-s_lib_ver.o)
 .ARM.attributes
                0x00000ea7       0x34 c:/program files (x86)/gnu arm embedded toolchain/10 2020-q4-major/bin/../lib/gcc/arm-none-eabi/10.2.1/../../../../arm-none-eabi/lib/thumb/v7e-m+fp/hard\libm.a(lib_a-s_nan.o)
 .ARM.attributes
                0x00000edb       0x34 c:/program files (x86)/gnu arm embedded toolchain/10 2020-q4-major/bin/../lib/gcc/arm-none-eabi/10.2.1/../../../../arm-none-eabi/lib/thumb/v7e-m+fp/hard\libm.a(lib_a-s_rint.o)
 .ARM.attributes
                0x00000f0f       0x34 c:/program files (x86)/gnu arm embedded toolchain/10 2020-q4-major/bin/../lib/gcc/arm-none-eabi/10.2.1/../../../../arm-none-eabi/lib/thumb/v7e-m+fp/hard\libm.a(lib_a-s_scalbn.o)
 .ARM.attributes
                0x00000f43       0x34 c:/program files (x86)/gnu arm embedded toolchain/10 2020-q4-major/bin/../lib/gcc/arm-none-eabi/10.2.1/../../../../arm-none-eabi/lib/thumb/v7e-m+fp/hard\libm.a(lib_a-sf_floor.o)
 .ARM.attributes
                0x00000f77       0x34 c:/program files (x86)/gnu arm embedded toolchain/10 2020-q4-major/bin/../lib/gcc/arm-none-eabi/10.2.1/../../../../arm-none-eabi/lib/thumb/v7e-m+fp/hard\libm.a(lib_a-sf_nan.o)
 .ARM.attributes
                0x00000fab       0x34 c:/program files (x86)/gnu arm embedded toolchain/10 2020-q4-major/bin/../lib/gcc/arm-none-eabi/10.2.1/../../../../arm-none-eabi/lib/thumb/v7e-m+fp/hard\libm.a(lib_a-sf_scalbn.o)
 .ARM.attributes
                0x00000fdf       0x34 c:/program files (x86)/gnu arm embedded toolchain/10 2020-q4-major/bin/../lib/gcc/arm-none-eabi/10.2.1/../../../../arm-none-eabi/lib/thumb/v7e-m+fp/hard\libnosys.a(sbrk.o)
 .ARM.attributes
                0x00001013       0x1e c:/program files (x86)/gnu arm embedded toolchain/10 2020-q4-major/bin/../lib/gcc/arm-none-eabi/10.2.1/thumb/v7e-m+fp/hard\libgcc.a(_arm_addsubdf3.o)
 .ARM.attributes
                0x00001031       0x1e c:/program files (x86)/gnu arm embedded toolchain/10 2020-q4-major/bin/../lib/gcc/arm-none-eabi/10.2.1/thumb/v7e-m+fp/hard\libgcc.a(_arm_muldivdf3.o)
 .ARM.attributes
                0x0000104f       0x1e c:/program files (x86)/gnu arm embedded toolchain/10 2020-q4-major/bin/../lib/gcc/arm-none-eabi/10.2.1/thumb/v7e-m+fp/hard\libgcc.a(_arm_cmpdf2.o)
 .ARM.attributes
                0x0000106d       0x1e c:/program files (x86)/gnu arm embedded toolchain/10 2020-q4-major/bin/../lib/gcc/arm-none-eabi/10.2.1/thumb/v7e-m+fp/hard\libgcc.a(_arm_unorddf2.o)
 .ARM.attributes
                0x0000108b       0x1e c:/program files (x86)/gnu arm embedded toolchain/10 2020-q4-major/bin/../lib/gcc/arm-none-eabi/10.2.1/thumb/v7e-m+fp/hard\libgcc.a(_arm_fixdfsi.o)
 .ARM.attributes
                0x000010a9       0x1e c:/program files (x86)/gnu arm embedded toolchain/10 2020-q4-major/bin/../lib/gcc/arm-none-eabi/10.2.1/thumb/v7e-m+fp/hard\libgcc.a(_arm_truncdfsf2.o)
 .ARM.attributes
                0x000010c7       0x1e c:/program files (x86)/gnu arm embedded toolchain/10 2020-q4-major/bin/../lib/gcc/arm-none-eabi/10.2.1/thumb/v7e-m+fp/hard\libgcc.a(_aeabi_uldivmod.o)
 .ARM.attributes
                0x000010e5       0x34 c:/program files (x86)/gnu arm embedded toolchain/10 2020-q4-major/bin/../lib/gcc/arm-none-eabi/10.2.1/thumb/v7e-m+fp/hard\libgcc.a(_udivmoddi4.o)
 .ARM.attributes
                0x00001119       0x1e c:/program files (x86)/gnu arm embedded toolchain/10 2020-q4-major/bin/../lib/gcc/arm-none-eabi/10.2.1/thumb/v7e-m+fp/hard\libgcc.a(_dvmd_tls.o)
 .ARM.attributes
                0x00001137       0x34 c:/program files (x86)/gnu arm embedded toolchain/10 2020-q4-major/bin/../lib/gcc/arm-none-eabi/10.2.1/../../../../arm-none-eabi/lib/thumb/v7e-m+fp/hard\libc.a(lib_a-errno.o)
 .ARM.attributes
                0x0000116b       0x1e c:/program files (x86)/gnu arm embedded toolchain/10 2020-q4-major/bin/../lib/gcc/arm-none-eabi/10.2.1/thumb/v7e-m+fp/hard/crtn.o
OUTPUT(Build/Flight_Controller.elf elf32-littlearm)
LOAD linker stubs
LOAD c:/program files (x86)/gnu arm embedded toolchain/10 2020-q4-major/bin/../lib/gcc/arm-none-eabi/10.2.1/../../../../arm-none-eabi/lib/thumb/v7e-m+fp/hard\libc.a
LOAD c:/program files (x86)/gnu arm embedded toolchain/10 2020-q4-major/bin/../lib/gcc/arm-none-eabi/10.2.1/../../../../arm-none-eabi/lib/thumb/v7e-m+fp/hard\libm.a